Component: ARM Compiler 5.06 update 4 (build 422) Tool: armlink [4d35d2]

==============================================================================

Section Cross References

    startup_stm32f407xx.o(RESET) refers to startup_stm32f407xx.o(STACK) for __initial_sp
    startup_stm32f407xx.o(RESET) refers to startup_stm32f407xx.o(.text) for Reset_Handler
    startup_stm32f407xx.o(RESET) refers to stm32f4xx_it.o(i.NMI_Handler) for NMI_Handler
    startup_stm32f407xx.o(RESET) refers to stm32f4xx_it.o(i.HardFault_Handler) for HardFault_Handler
    startup_stm32f407xx.o(RESET) refers to stm32f4xx_it.o(i.MemManage_Handler) for MemManage_Handler
    startup_stm32f407xx.o(RESET) refers to stm32f4xx_it.o(i.BusFault_Handler) for BusFault_Handler
    startup_stm32f407xx.o(RESET) refers to stm32f4xx_it.o(i.UsageFault_Handler) for UsageFault_Handler
    startup_stm32f407xx.o(RESET) refers to stm32f4xx_it.o(i.SVC_Handler) for SVC_Handler
    startup_stm32f407xx.o(RESET) refers to stm32f4xx_it.o(i.DebugMon_Handler) for DebugMon_Handler
    startup_stm32f407xx.o(RESET) refers to stm32f4xx_it.o(i.PendSV_Handler) for PendSV_Handler
    startup_stm32f407xx.o(RESET) refers to stm32f4xx_it.o(i.SysTick_Handler) for SysTick_Handler
    startup_stm32f407xx.o(RESET) refers to stm32f4xx_it.o(i.USART1_IRQHandler) for USART1_IRQHandler
    startup_stm32f407xx.o(RESET) refers to stm32f4xx_it.o(i.TIM6_DAC_IRQHandler) for TIM6_DAC_IRQHandler
    startup_stm32f407xx.o(RESET) refers to stm32f4xx_it.o(i.DMA2_Stream1_IRQHandler) for DMA2_Stream1_IRQHandler
    startup_stm32f407xx.o(RESET) refers to stm32f4xx_it.o(i.DMA2_Stream7_IRQHandler) for DMA2_Stream7_IRQHandler
    startup_stm32f407xx.o(RESET) refers to stm32f4xx_it.o(i.DCMI_IRQHandler) for DCMI_IRQHandler
    startup_stm32f407xx.o(.text) refers to system_stm32f4xx.o(i.SystemInit) for SystemInit
    startup_stm32f407xx.o(.text) refers to entry.o(.ARM.Collect$$$$00000000) for __main
    main.o(i.SystemClock_Config) refers to memseta.o(.text) for __aeabi_memclr4
    main.o(i.SystemClock_Config) refers to stm32f4xx_hal_rcc.o(i.HAL_RCC_OscConfig) for HAL_RCC_OscConfig
    main.o(i.SystemClock_Config) refers to stm32f4xx_hal_rcc.o(i.HAL_RCC_ClockConfig) for HAL_RCC_ClockConfig
    main.o(i.main) refers to stm32f4xx_hal.o(i.HAL_Init) for HAL_Init
    main.o(i.main) refers to main.o(i.SystemClock_Config) for SystemClock_Config
    main.o(i.main) refers to gpio.o(i.MX_GPIO_Init) for MX_GPIO_Init
    main.o(i.main) refers to dma.o(i.MX_DMA_Init) for MX_DMA_Init
    main.o(i.main) refers to dcmi.o(i.MX_DCMI_Init) for MX_DCMI_Init
    main.o(i.main) refers to fsmc.o(i.MX_FSMC_Init) for MX_FSMC_Init
    main.o(i.main) refers to usart.o(i.MX_USART1_UART_Init) for MX_USART1_UART_Init
    main.o(i.main) refers to tim.o(i.MX_TIM6_Init) for MX_TIM6_Init
    main.o(i.main) refers to stm32f4xx_hal_tim.o(i.HAL_TIM_Base_Start_IT) for HAL_TIM_Base_Start_IT
    main.o(i.main) refers to delay.o(i.delay_Init) for delay_Init
    main.o(i.main) refers to lcd.o(i.lcd_init) for lcd_init
    main.o(i.main) refers to usart.o(i.usart_rx_start) for usart_rx_start
    main.o(i.main) refers to lcd.o(i.lcd_show_string) for lcd_show_string
    main.o(i.main) refers to delay.o(i.delay_ms) for delay_ms
    main.o(i.main) refers to ov2640.o(i.ov2640_init) for ov2640_init
    main.o(i.main) refers to photo.o(i.photo_sd_ready) for photo_sd_ready
    main.o(i.main) refers to photo.o(i.photo_preview_rgb565) for photo_preview_rgb565
    main.o(i.main) refers to usart.o(i.usart_cmd_poll) for usart_cmd_poll
    main.o(i.main) refers to strcmp.o(.text) for strcmp
    main.o(i.main) refers to printf8.o(i.__0printf$8) for __2printf
    main.o(i.main) refers to key.o(i.key_scan) for key_scan
    main.o(i.main) refers to photo.o(i.photo_capture_jpeg) for photo_capture_jpeg
    main.o(i.main) refers to photo.o(i.photo_store_to_sdcard) for photo_store_to_sdcard
    main.o(i.main) refers to photo.o(i.photo_capture_rgb565) for photo_capture_rgb565
    main.o(i.main) refers to photo.o(i.photo_err_str) for photo_err_str
    main.o(i.main) refers to dcmi_app.o(i.dcmi_stop) for dcmi_stop
    main.o(i.main) refers to ov2640.o(i.ov2640_image_win_set) for ov2640_image_win_set
    main.o(i.main) refers to ov2640.o(i.ov2640_outsize_set) for ov2640_outsize_set
    main.o(i.main) refers to printf8.o(i.__0sprintf$8) for __2sprintf
    main.o(i.main) refers to tim.o(.bss) for htim6
    main.o(i.main) refers to lcd.o(.bss) for lcddev
    gpio.o(i.MX_GPIO_Init) refers to memseta.o(.text) for __aeabi_memclr4
    gpio.o(i.MX_GPIO_Init) refers to stm32f4xx_hal_gpio.o(i.HAL_GPIO_WritePin) for HAL_GPIO_WritePin
    gpio.o(i.MX_GPIO_Init) refers to stm32f4xx_hal_gpio.o(i.HAL_GPIO_Init) for HAL_GPIO_Init
    dcmi.o(i.HAL_DCMI_MspDeInit) refers to stm32f4xx_hal_gpio.o(i.HAL_GPIO_DeInit) for HAL_GPIO_DeInit
    dcmi.o(i.HAL_DCMI_MspDeInit) refers to stm32f4xx_hal_dma.o(i.HAL_DMA_DeInit) for HAL_DMA_DeInit
[...]
    i.DCMI_IRQHandler                        0x08000334   Section        0  stm32f4xx_it.o(i.DCMI_IRQHandler)
    i.DMA2_Stream1_IRQHandler                0x08000340   Section        0  stm32f4xx_it.o(i.DMA2_Stream1_IRQHandler)
    i.DMA2_Stream7_IRQHandler                0x080003bc   Section        0  stm32f4xx_it.o(i.DMA2_Stream7_IRQHandler)
    i.DMA_CalcBaseAndBitshift                0x080003c8   Section        0  stm32f4xx_hal_dma.o(i.DMA_CalcBaseAndBitshift)
    DMA_CalcBaseAndBitshift                  0x080003c9   Thumb Code    34  stm32f4xx_hal_dma.o(i.DMA_CalcBaseAndBitshift)
    i.DMA_CheckFifoParam                     0x080003f0   Section        0  stm32f4xx_hal_dma.o(i.DMA_CheckFifoParam)
    DMA_CheckFifoParam                       0x080003f1   Thumb Code    84  stm32f4xx_hal_dma.o(i.DMA_CheckFifoParam)
    i.DMA_MultiBufferSetConfig               0x08000444   Section        0  stm32f4xx_hal_dma_ex.o(i.DMA_MultiBufferSetConfig)
    DMA_MultiBufferSetConfig                 0x08000445   Thumb Code    30  stm32f4xx_hal_dma_ex.o(i.DMA_MultiBufferSetConfig)
    i.DMA_SetConfig                          0x08000462   Section        0  stm32f4xx_hal_dma.o(i.DMA_SetConfig)
    DMA_SetConfig                            0x08000463   Thumb Code    40  stm32f4xx_hal_dma.o(i.DMA_SetConfig)
    i.DebugMon_Handler                       0x0800048a   Section        0  stm32f4xx_it.o(i.DebugMon_Handler)
    i.Error_Handler                          0x0800048c   Section        0  main.o(i.Error_Handler)
    i.FSMC_NORSRAM_Extended_Timing_Init      0x08000490   Section        0  stm32f4xx_ll_fsmc.o(i.FSMC_NORSRAM_Extended_Timing_Init)
    i.FSMC_NORSRAM_Init                      0x080004cc   Section        0  stm32f4xx_ll_fsmc.o(i.FSMC_NORSRAM_Init)
    i.FSMC_NORSRAM_Timing_Init               0x08000534   Section        0  stm32f4xx_ll_fsmc.o(i.FSMC_NORSRAM_Timing_Init)
    i.HAL_DCMI_ErrorCallback                 0x08000570   Section        0  stm32f4xx_hal_dcmi.o(i.HAL_DCMI_ErrorCallback)
    i.HAL_DCMI_FrameEventCallback            0x08000574   Section        0  photo.o(i.HAL_DCMI_FrameEventCallback)
    i.HAL_DCMI_IRQHandler                    0x08000630   Section        0  stm32f4xx_hal_dcmi.o(i.HAL_DCMI_IRQHandler)
    i.HAL_DCMI_Init                          0x080006d8   Section        0  stm32f4xx_hal_dcmi_ex.o(i.HAL_DCMI_Init)
    i.HAL_DCMI_LineEventCallback             0x08000758   Section        0  stm32f4xx_hal_dcmi.o(i.HAL_DCMI_LineEventCallback)
    i.HAL_DCMI_MspInit                       0x0800075c   Section        0  dcmi.o(i.HAL_DCMI_MspInit)
    i.HAL_DCMI_VsyncEventCallback            0x08000894   Section        0  stm32f4xx_hal_dcmi.o(i.HAL_DCMI_VsyncEventCallback)
    i.HAL_DMAEx_MultiBufferStart             0x08000896   Section        0  stm32f4xx_hal_dma_ex.o(i.HAL_DMAEx_MultiBufferStart)
    i.HAL_DMA_Abort                          0x080008fa   Section        0  stm32f4xx_hal_dma.o(i.HAL_DMA_Abort)
    i.HAL_DMA_Abort_IT                       0x0800098c   Section        0  stm32f4xx_hal_dma.o(i.HAL_DMA_Abort_IT)
    i.HAL_DMA_DeInit                         0x080009b0   Section        0  stm32f4xx_hal_dma.o(i.HAL_DMA_DeInit)
    i.HAL_DMA_IRQHandler                     0x08000a14   Section        0  stm32f4xx_hal_dma.o(i.HAL_DMA_IRQHandler)
    i.HAL_DMA_Init                           0x08000bb4   Section        0  stm32f4xx_hal_dma.o(i.HAL_DMA_Init)
    i.HAL_DMA_Start                          0x08000c88   Section        0  stm32f4xx_hal_dma.o(i.HAL_DMA_Start)
    i.HAL_FSMC_MspInit                       0x08000cd0   Section        0  fsmc.o(i.HAL_FSMC_MspInit)
    HAL_FSMC_MspInit                         0x08000cd1   Thumb Code   142  fsmc.o(i.HAL_FSMC_MspInit)
    i.HAL_GPIO_Init                          0x08000d78   Section        0  stm32f4xx_hal_gpio.o(i.HAL_GPIO_Init)
    i.HAL_GPIO_ReadPin                       0x08000f68   Section        0  stm32f4xx_hal_gpio.o(i.HAL_GPIO_ReadPin)
    i.HAL_GPIO_WritePin                      0x08000f72   Section        0  stm32f4xx_hal_gpio.o(i.HAL_GPIO_WritePin)
    i.HAL_GetTick                            0x08000f7c   Section        0  stm32f4xx_hal.o(i.HAL_GetTick)
    i.HAL_IncTick                            0x08000f88   Section        0  stm32f4xx_hal.o(i.HAL_IncTick)
    i.HAL_Init                               0x08000f98   Section        0  stm32f4xx_hal.o(i.HAL_Init)
    i.HAL_InitTick                           0x08000fcc   Section        0  stm32f4xx_hal.o(i.HAL_InitTick)
    i.HAL_MspInit                            0x0800100c   Section        0  stm32f4xx_hal_msp.o(i.HAL_MspInit)
    i.HAL_NVIC_EnableIRQ                     0x08001040   Section        0  stm32f4xx_hal_cortex.o(i.HAL_NVIC_EnableIRQ)
    i.HAL_NVIC_SetPriority                   0x0800105c   Section        0  stm32f4xx_hal_cortex.o(i.HAL_NVIC_SetPriority)
    i.HAL_NVIC_SetPriorityGrouping           0x0800109c   Section        0  stm32f4xx_hal_cortex.o(i.HAL_NVIC_SetPriorityGrouping)
    i.HAL_RCC_ClockConfig                    0x080010c0   Section        0  stm32f4xx_hal_rcc.o(i.HAL_RCC_ClockConfig)
    i.HAL_RCC_GetPCLK1Freq                   0x080011f4   Section        0  stm32f4xx_hal_rcc.o(i.HAL_RCC_GetPCLK1Freq)
    i.HAL_RCC_GetPCLK2Freq                   0x08001214   Section        0  stm32f4xx_hal_rcc.o(i.HAL_RCC_GetPCLK2Freq)
    i.HAL_RCC_GetSysClockFreq                0x08001234   Section        0  stm32f4xx_hal_rcc.o(i.HAL_RCC_GetSysClockFreq)
    i.HAL_RCC_OscConfig                      0x08001294   Section        0  stm32f4xx_hal_rcc.o(i.HAL_RCC_OscConfig)
    i.HAL_SRAM_Init                          0x08001600   Section        0  stm32f4xx_hal_sram.o(i.HAL_SRAM_Init)
    i.HAL_SRAM_MspInit                       0x0800165c   Section        0  fsmc.o(i.HAL_SRAM_MspInit)
    i.HAL_SYSTICK_Config                     0x08001660   Section        0  stm32f4xx_hal_cortex.o(i.HAL_SYSTICK_Config)
    i.HAL_TIMEx_BreakCallback                0x08001688   Section        0  stm32f4xx_hal_tim_ex.o(i.HAL_TIMEx_BreakCallback)
    i.HAL_TIMEx_CommutCallback               0x0800168a   Section        0  stm32f4xx_hal_tim_ex.o(i.HAL_TIMEx_CommutCallback)
    i.HAL_TIMEx_MasterConfigSynchronization  0x0800168c   Section        0  stm32f4xx_hal_tim_ex.o(i.HAL_TIMEx_MasterConfigSynchronization)
    i.HAL_TIM_Base_Init                      0x0800171c   Section        0  stm32f4xx_hal_tim.o(i.HAL_TIM_Base_Init)
    i.HAL_TIM_Base_MspInit                   0x08001778   Section        0  tim.o(i.HAL_TIM_Base_MspInit)
    i.HAL_TIM_Base_Start_IT                  0x080017b4   Section        0  stm32f4xx_hal_tim.o(i.HAL_TIM_Base_Start_IT)
    i.HAL_TIM_IC_CaptureCallback             0x08001834   Section        0  stm32f4xx_hal_tim.o(i.HAL_TIM_IC_CaptureCallback)
    i.HAL_TIM_IRQHandler                     0x08001836   Section        0  stm32f4xx_hal_tim.o(i.HAL_TIM_IRQHandler)
    i.HAL_TIM_OC_DelayElapsedCallback        0x08001966   Section        0  stm32f4xx_hal_tim.o(i.HAL_TIM_OC_DelayElapsedCallback)
    i.HAL_TIM_PWM_PulseFinishedCallback      0x08001968   Section        0  stm32f4xx_hal_tim.o(i.HAL_TIM_PWM_PulseFinishedCallback)
    i.HAL_TIM_PeriodElapsedCallback          0x0800196c   Section        0  photo.o(i.HAL_TIM_PeriodElapsedCallback)
    i.HAL_TIM_TriggerCallback                0x080019a0   Section        0  stm32f4xx_hal_tim.o(i.HAL_TIM_TriggerCallback)
    i.HAL_UARTEx_RxEventCallback             0x080019a2   Section        0  stm32f4xx_hal_uart.o(i.HAL_UARTEx_RxEventCallback)
    i.HAL_UART_ErrorCallback                 0x080019a4   Section        0  stm32f4xx_hal_uart.o(i.HAL_UART_ErrorCallback)
    i.HAL_UART_IRQHandler                    0x080019a8   Section        0  stm32f4xx_hal_uart.o(i.HAL_UART_IRQHandler)
    i.HAL_UART_Init                          0x08001c28   Section        0  stm32f4xx_hal_uart.o(i.HAL_UART_Init)
    i.HAL_UART_MspInit                       0x08001c8c   Section        0  usart.o(i.HAL_UART_MspInit)
    i.HAL_UART_Receive_IT                    0x08001d40   Section        0  stm32f4xx_hal_uart.o(i.HAL_UART_Receive_IT)
    i.HAL_UART_RxCpltCallback                0x08001d5c   Section        0  usart.o(i.HAL_UART_RxCpltCallback)
    i.HAL_UART_TxCpltCallback                0x08001da0   Section        0  photo.o(i.HAL_UART_TxCpltCallback)
    i.HardFault_Handler                      0x08001db8   Section        0  stm32f4xx_it.o(i.HardFault_Handler)
    i.MX_DCMI_Init                           0x08001dbc   Section        0  dcmi.o(i.MX_DCMI_Init)
    i.MX_DMA_Init                            0x08001e04   Section        0  dma.o(i.MX_DMA_Init)
    i.MX_FSMC_Init                           0x08001e40   Section        0  fsmc.o(i.MX_FSMC_Init)
    i.MX_GPIO_Init                           0x08001f14   Section        0  gpio.o(i.MX_GPIO_Init)
    i.MX_TIM6_Init                           0x0800204c   Section        0  tim.o(i.MX_TIM6_Init)
    i.MX_USART1_UART_Init                    0x08002094   Section        0  usart.o(i.MX_USART1_UART_Init)
    i.MemManage_Handler                      0x080020cc   Section        0  stm32f4xx_it.o(i.MemManage_Handler)
    i.NMI_Handler                            0x080020ce   Section        0  stm32f4xx_it.o(i.NMI_Handler)
    i.PendSV_Handler                         0x080020d0   Section        0  stm32f4xx_it.o(i.PendSV_Handler)
    i.SD_GetSectorCount                      0x080020d4   Section        0  sdio_sdcard.o(i.SD_GetSectorCount)
    i.SD_Init                                0x080020e0   Section        0  sdio_sdcard.o(i.SD_Init)
    i.SD_ReadBlocks                          0x0800225c   Section        0  sdio_sdcard.o(i.SD_ReadBlocks)
    i.SD_WriteBlocks                         0x08002324   Section        0  sdio_sdcard.o(i.SD_WriteBlocks)
    i.SVC_Handler                            0x080023ec   Section        0  stm32f4xx_it.o(i.SVC_Handler)
    i.SysTick_Handler                        0x080023ee   Section        0  stm32f4xx_it.o(i.SysTick_Handler)
    i.SystemClock_Config                     0x080023f4   Section        0  main.o(i.SystemClock_Config)
    i.SystemInit                             0x0800248c   Section        0  system_stm32f4xx.o(i.SystemInit)
    i.TIM6_DAC_IRQHandler                    0x0800249c   Section        0  stm32f4xx_it.o(i.TIM6_DAC_IRQHandler)
    i.TIM_Base_SetConfig                     0x080024a8   Section        0  stm32f4xx_hal_tim.o(i.TIM_Base_SetConfig)
    i.UART_DMAAbortOnError                   0x08002578   Section        0  stm32f4xx_hal_uart.o(i.UART_DMAAbortOnError)
    UART_DMAAbortOnError                     0x08002579   Thumb Code    14  stm32f4xx_hal_uart.o(i.UART_DMAAbortOnError)
    i.UART_EndRxTransfer                     0x08002586   Section        0  stm32f4xx_hal_uart.o(i.UART_EndRxTransfer)
    UART_EndRxTransfer                       0x08002587   Thumb Code    78  stm32f4xx_hal_uart.o(i.UART_EndRxTransfer)
    i.UART_Receive_IT                        0x080025d4   Section        0  stm32f4xx_hal_uart.o(i.UART_Receive_IT)
    UART_Receive_IT                          0x080025d5   Thumb Code   194  stm32f4xx_hal_uart.o(i.UART_Receive_IT)
    i.UART_SetConfig                         0x08002698   Section        0  stm32f4xx_hal_uart.o(i.UART_SetConfig)
    UART_SetConfig                           0x08002699   Thumb Code   258  stm32f4xx_hal_uart.o(i.UART_SetConfig)
    i.UART_Start_Receive_IT                  0x080027a4   Section        0  stm32f4xx_hal_uart.o(i.UART_Start_Receive_IT)
    i.USART1_IRQHandler                      0x080027dc   Section        0  stm32f4xx_it.o(i.USART1_IRQHandler)
    i.UsageFault_Handler                     0x080027e8   Section        0  stm32f4xx_it.o(i.UsageFault_Handler)
    i.__0printf$8                            0x080027ec   Section        0  printf8.o(i.__0printf$8)
    i.__0sprintf$8                           0x0800280c   Section        0  printf8.o(i.__0sprintf$8)
    i.__NVIC_SetPriority                     0x08002834   Section        0  stm32f4xx_hal_cortex.o(i.__NVIC_SetPriority)
    __NVIC_SetPriority                       0x08002835   Thumb Code    32  stm32f4xx_hal_cortex.o(i.__NVIC_SetPriority)
    i.__scatterload_copy                     0x08002854   Section       14  handlers.o(i.__scatterload_copy)
    i.__scatterload_null                     0x08002862   Section        2  handlers.o(i.__scatterload_null)
    i.__scatterload_zeroinit                 0x08002864   Section       14  handlers.o(i.__scatterload_zeroinit)
    i._printf_core                           0x08002874   Section        0  printf8.o(i._printf_core)
    _printf_core                             0x08002875   Thumb Code   996  printf8.o(i._printf_core)
    i._printf_post_padding                   0x08002c84   Section        0  printf8.o(i._printf_post_padding)
    _printf_post_padding                     0x08002c85   Thumb Code    36  printf8.o(i._printf_post_padding)
    i._printf_pre_padding                    0x08002ca8   Section        0  printf8.o(i._printf_pre_padding)
    _printf_pre_padding                      0x08002ca9   Thumb Code    46  printf8.o(i._printf_pre_padding)
    i._sputc                                 0x08002cd6   Section        0  printf8.o(i._sputc)
    _sputc                                   0x08002cd7   Thumb Code    10  printf8.o(i._sputc)
    i.check_fs                               0x08002ce0   Section        0  ff.o(i.check_fs)
    check_fs                                 0x08002ce1   Thumb Code   194  ff.o(i.check_fs)
    i.clst2sect                              0x08002db0   Section        0  ff.o(i.clst2sect)
    clst2sect                                0x08002db1   Thumb Code    24  ff.o(i.clst2sect)
    i.create_chain                           0x08002dc8   Section        0  ff.o(i.create_chain)
    create_chain                             0x08002dc9   Thumb Code   222  ff.o(i.create_chain)
    i.create_name                            0x08002ea8   Section        0  ff.o(i.create_name)
    create_name                              0x08002ea9   Thumb Code   222  ff.o(i.create_name)
    i.dcmi_dma_init                          0x08002f98   Section        0  dcmi_app.o(i.dcmi_dma_init)
    i.dcmi_gpio_init                         0x08003058   Section        0  dcmi_app.o(i.dcmi_gpio_init)
    i.dcmi_start                             0x08003114   Section        0  dcmi_app.o(i.dcmi_start)
    i.dcmi_stop                              0x08003144   Section        0  dcmi_app.o(i.dcmi_stop)
    i.delay_Init                             0x0800316c   Section        0  delay.o(i.delay_Init)
    i.delay_ms                               0x08003190   Section        0  delay.o(i.delay_ms)
    i.delay_us                               0x080031bc   Section        0  delay.o(i.delay_us)
    i.dir_clear                              0x080031e8   Section        0  ff.o(i.dir_clear)
    dir_clear                                0x080031e9   Thumb Code    88  ff.o(i.dir_clear)
    i.dir_next                               0x08003240   Section        0  ff.o(i.dir_next)
    dir_next                                 0x08003241   Thumb Code   174  ff.o(i.dir_next)
    i.dir_read                               0x080032ee   Section        0  ff.o(i.dir_read)
    dir_read                                 0x080032ef   Thumb Code    96  ff.o(i.dir_read)
    i.dir_register                           0x0800334e   Section        0  ff.o(i.dir_register)
    dir_register                             0x0800334f   Thumb Code   108  ff.o(i.dir_register)
    i.dir_sdi                                0x080033ba   Section        0  ff.o(i.dir_sdi)
    dir_sdi                                  0x080033bb   Thumb Code   130  ff.o(i.dir_sdi)
    i.disk_initialize                        0x0800343c   Section        0  diskio.o(i.disk_initialize)
    i.disk_ioctl                             0x08003458   Section        0  diskio.o(i.disk_ioctl)
    i.disk_read                              0x08003488   Section        0  diskio.o(i.disk_read)
    i.disk_status                            0x080034bc   Section        0  diskio.o(i.disk_status)
    i.disk_write                             0x080034cc   Section        0  diskio.o(i.disk_write)
    i.f_close                                0x08003500   Section        0  ff.o(i.f_close)
    i.f_closedir                             0x0800351e   Section        0  ff.o(i.f_closedir)
    i.f_mkdir                                0x08003534   Section        0  ff.o(i.f_mkdir)
    i.f_mount                                0x0800364c   Section        0  ff.o(i.f_mount)
    i.f_open                                 0x08003698   Section        0  ff.o(i.f_open)
    i.f_opendir                              0x0800384c   Section        0  ff.o(i.f_opendir)
    i.f_readdir                              0x080038ae   Section        0  ff.o(i.f_readdir)
    i.f_sync                                 0x08003900   Section        0  ff.o(i.f_sync)
    i.f_write                                0x0800398c   Section        0  ff.o(i.f_write)
    i.follow_path                            0x08003b0c   Section        0  ff.o(i.follow_path)
    follow_path                              0x08003b0d   Thumb Code   190  ff.o(i.follow_path)
    i.fputc                                  0x08003bcc   Section        0  usart.o(i.fputc)
    i.get_fat                                0x08003be0   Section        0  ff.o(i.get_fat)
    get_fat                                  0x08003be1   Thumb Code   190  ff.o(i.get_fat)
    i.get_fileinfo                           0x08003c9e   Section        0  ff.o(i.get_fileinfo)
    get_fileinfo                             0x08003c9f   Thumb Code   108  ff.o(i.get_fileinfo)
    i.get_ldnumber                           0x08003d0c   Section        0  ff.o(i.get_ldnumber)
    get_ldnumber                             0x08003d0d   Thumb Code    58  ff.o(i.get_ldnumber)
    i.key_scan                               0x08003d48   Section        0  key.o(i.key_scan)
    i.lcd_clear                              0x08003df4   Section        0  lcd.o(i.lcd_clear)
    i.lcd_display_dir                        0x08003e24   Section        0  lcd.o(i.lcd_display_dir)
    i.lcd_draw_point                         0x08003e54   Section        0  lcd.o(i.lcd_draw_point)
    i.lcd_ex_ili9341_reginit                 0x08003e6a   Section        0  lcd.o(i.lcd_ex_ili9341_reginit)
    i.lcd_init                               0x08004098   Section        0  lcd.o(i.lcd_init)
    i.lcd_rd_data                            0x0800410c   Section        0  lcd.o(i.lcd_rd_data)
    lcd_rd_data                              0x0800410d   Thumb Code    26  lcd.o(i.lcd_rd_data)
    i.lcd_scan_dir                           0x08004128   Section        0  lcd.o(i.lcd_scan_dir)
    i.lcd_set_cursor                         0x080041e8   Section        0  lcd.o(i.lcd_set_cursor)
    i.lcd_show_char                          0x0800421c   Section        0  lcd.o(i.lcd_show_char)
    i.lcd_show_string                        0x080042f8   Section        0  lcd.o(i.lcd_show_string)
    i.lcd_wr_data                            0x0800434e   Section        0  lcd.o(i.lcd_wr_data)
    i.lcd_wr_regno                           0x08004366   Section        0  lcd.o(i.lcd_wr_regno)
    i.lcd_write_ram_prepare                  0x08004380   Section        0  lcd.o(i.lcd_write_ram_prepare)
    i.lcd_write_reg                          0x08004394   Section        0  lcd.o(i.lcd_write_reg)
    i.ld_16                                  0x080043a0   Section        0  ff.o(i.ld_16)
    ld_16                                    0x080043a1   Thumb Code    10  ff.o(i.ld_16)
    i.ld_32                                  0x080043aa   Section        0  ff.o(i.ld_32)
    ld_32                                    0x080043ab   Thumb Code    22  ff.o(i.ld_32)
    i.ld_clust                               0x080043c0   Section        0  ff.o(i.ld_clust)
    ld_clust                                 0x080043c1   Thumb Code    38  ff.o(i.ld_clust)
    i.main                                   0x080043e8   Section        0  main.o(i.main)
    i.mount_volume                           0x080047a0   Section        0  ff.o(i.mount_volume)
    mount_volume                             0x080047a1   Thumb Code   582  ff.o(i.mount_volume)
    i.move_window                            0x080049fc   Section        0  ff.o(i.move_window)
    move_window                              0x080049fd   Thumb Code    50  ff.o(i.move_window)
    i.ov2640_image_win_set                   0x08004a2e   Section        0  ov2640.o(i.ov2640_image_win_set)
    i.ov2640_init                            0x08004ab8   Section        0  ov2640.o(i.ov2640_init)
    i.ov2640_jpeg_mode                       0x08004bac   Section        0  ov2640.o(i.ov2640_jpeg_mode)
    i.ov2640_outsize_set                     0x08004bec   Section        0  ov2640.o(i.ov2640_outsize_set)
    i.ov2640_read_reg                        0x08004c40   Section        0  ov2640.o(i.ov2640_read_reg)
    i.ov2640_rgb565_mode                     0x08004c94   Section        0  ov2640.o(i.ov2640_rgb565_mode)
    i.ov2640_write_reg                       0x08004cb8   Section        0  ov2640.o(i.ov2640_write_reg)
    i.photo_capture_jpeg                     0x08004d04   Section        0  photo.o(i.photo_capture_jpeg)
    i.photo_capture_rgb565                   0x08004d8c   Section        0  photo.o(i.photo_capture_rgb565)
    i.photo_dma_rx_callback                  0x08004dd0   Section        0  photo.o(i.photo_dma_rx_callback)
    i.photo_err_str                          0x08004e40   Section        0  photo.o(i.photo_err_str)
    i.photo_make_bmp                         0x08004ec4   Section        0  photo.o(i.photo_make_bmp)
    i.photo_preview_rgb565                   0x08004fbc   Section        0  photo.o(i.photo_preview_rgb565)
    i.photo_sd_ready                         0x08005008   Section        0  photo.o(i.photo_sd_ready)
    i.photo_store_to_sdcard                  0x080050c4   Section        0  photo.o(i.photo_store_to_sdcard)
    i.photo_stream_capture                   0x08005198   Section        0  photo.o(i.photo_stream_capture)
    photo_stream_capture                     0x08005199   Thumb Code   116  photo.o(i.photo_stream_capture)
    i.put_fat                                0x0800521c   Section        0  ff.o(i.put_fat)
    put_fat                                  0x0800521d   Thumb Code   234  ff.o(i.put_fat)
    i.remove_chain                           0x08005306   Section        0  ff.o(i.remove_chain)
    remove_chain                             0x08005307   Thumb Code   116  ff.o(i.remove_chain)
    i.sccb_init                              0x0800537c   Section        0  sccb.o(i.sccb_init)
    i.sccb_nack                              0x0800539c   Section        0  sccb.o(i.sccb_nack)
    i.sccb_read_byte                         0x080053e8   Section        0  sccb.o(i.sccb_read_byte)
    i.sccb_start                             0x08005434   Section        0  sccb.o(i.sccb_start)
    i.sccb_stop                              0x08005474   Section        0  sccb.o(i.sccb_stop)
    i.sccb_write_byte                        0x080054ac   Section        0  sccb.o(i.sccb_write_byte)
    i.sd_send_cmd                            0x08005534   Section        0  sdio_sdcard.o(i.sd_send_cmd)
    sd_send_cmd                              0x08005535   Thumb Code   132  sdio_sdcard.o(i.sd_send_cmd)
    i.sdio_clock_set                         0x080055bc   Section        0  sdio_sdcard.o(i.sdio_clock_set)
    sdio_clock_set                           0x080055bd   Thumb Code    14  sdio_sdcard.o(i.sdio_clock_set)
    i.sdio_gpio_init                         0x080055d0   Section        0  sdio_sdcard.o(i.sdio_gpio_init)
    i.st_16                                  0x0800564c   Section        0  ff.o(i.st_16)
    st_16                                    0x0800564d   Thumb Code     8  ff.o(i.st_16)
    i.st_32                                  0x08005654   Section        0  ff.o(i.st_32)
    st_32                                    0x08005655   Thumb Code    16  ff.o(i.st_32)
    i.st_clust                               0x08005664   Section        0  ff.o(i.st_clust)
    st_clust                                 0x08005665   Thumb Code    40  ff.o(i.st_clust)
    i.sync_fs                                0x0800568c   Section        0  ff.o(i.sync_fs)
    sync_fs                                  0x0800568d   Thumb Code   124  ff.o(i.sync_fs)
    i.sync_window                            0x08005714   Section        0  ff.o(i.sync_window)
    sync_window                              0x08005715   Thumb Code    70  ff.o(i.sync_window)
    i.usart_cmd_poll                         0x0800575c   Section        0  usart.o(i.usart_cmd_poll)
    i.usart_rx_start                         0x080057b4   Section        0  usart.o(i.usart_rx_start)
    i.validate                               0x080057c8   Section        0  ff.o(i.validate)
    validate                                 0x080057c9   Thumb Code    52  ff.o(i.validate)
    .constdata                               0x080057fc   Section        8  stm32f4xx_hal_dma.o(.constdata)
    flagBitshiftOffset                       0x080057fc   Data           8  stm32f4xx_hal_dma.o(.constdata)
    .constdata                               0x08005804   Section       16  system_stm32f4xx.o(.constdata)
    .constdata                               0x08005814   Section        8  system_stm32f4xx.o(.constdata)
    .constdata                               0x0800581c   Section      412  ov2640.o(.constdata)
    .constdata                               0x080059b8   Section    12160  lcd.o(.constdata)
    .data                                    0x20000000   Section        8  fsmc.o(.data)
    FSMC_Initialized                         0x20000000   Data           4  fsmc.o(.data)
    FSMC_DeInitialized                       0x20000004   Data           4  fsmc.o(.data)
    .data                                    0x20000008   Section        3  usart.o(.data)
    uart_rx_head                             0x20000008   Data           1  usart.o(.data)
    uart_rx_tail                             0x20000009   Data           1  usart.o(.data)
    uart_rx_byte                             0x2000000a   Data           1  usart.o(.data)
    .data                                    0x2000000c   Section       12  stm32f4xx_hal.o(.data)
    .data                                    0x20000018   Section        4  system_stm32f4xx.o(.data)
    .data                                    0x2000001c   Section        4  lcd.o(.data)
    .data                                    0x20000020   Section        1  key.o(.data)
    key_up                                   0x20000020   Data           1  key.o(.data)
    .data                                    0x20000024   Section       24  photo.o(.data)
    g_fs_mounted                             0x20000024   Data           1  photo.o(.data)
    g_stream_busy                            0x20000027   Data           1  photo.o(.data)
    g_stream_done                            0x20000028   Data           1  photo.o(.data)
    g_photo_index                            0x2000002a   Data           2  photo.o(.data)
    g_stream_len                             0x20000030   Data           4  photo.o(.data)
    g_stream_buf                             0x20000034   Data           4  photo.o(.data)
    g_stream_max                             0x20000038   Data           4  photo.o(.data)
    .data                                    0x2000003c   Section        8  sdio_sdcard.o(.data)
    g_sd_sector_count                        0x20000040   Data           4  sdio_sdcard.o(.data)
    .data                                    0x20000044   Section        8  ff.o(.data)
    Fsid                                     0x20000044   Data           2  ff.o(.data)
    FatFs                                    0x20000048   Data           4  ff.o(.data)
    .data                                    0x2000004c   Section        1  diskio.o(.data)
    g_sd_status                              0x2000004c   Data           1  diskio.o(.data)
    .data                                    0x20000050   Section        4  stdout.o(.data)
    .bss                                     0x20000054   Section      160  dcmi.o(.bss)
    .bss                                     0x200000f4   Section      160  fsmc.o(.bss)
    .bss                                     0x20000194   Section       72  tim.o(.bss)
    .bss                                     0x200001dc   Section      232  usart.o(.bss)
    uart_rx_buf                              0x200001dc   Data          64  usart.o(.bss)
    .bss                                     0x200002c4   Section       14  lcd.o(.bss)
    .bss                                     0x200002d4   Section     8764  photo.o(.bss)
    g_fs                                     0x200002e0   Data         560  photo.o(.bss)
    STACK                                    0x20002510   Section     1024  startup_stm32f407xx.o(STACK)

    Global Symbols

    Symbol Name                              Value     Ov Type        Size  Object(Section)

    BuildAttributes$$THM_ISAv4$E$P$D$K$B$S$7EM$VFPi3$EXTD16$VFPS$VFMA$PE$A:L22UL41UL21$X:L11$S22US41US21$IEEE1$IW$USESV6$~STKCKD$USESV7$~SHL$OSPACE$ROPI$EBA8$MICROLIB$REQ8$PRES8$EABIv2 0x00000000   Number         0  anon$$obj.o ABSOLUTE
    __ARM_use_no_argv                        0x00000000   Number         0  main.o ABSOLUTE
    _printf_a                                0x00000000   Number         0  stubs.o ABSOLUTE
    _printf_c                                0x00000000   Number         0  stubs.o ABSOLUTE
    _printf_charcount                        0x00000000   Number         0  stubs.o ABSOLUTE
    _printf_d                                0x00000000   Number         0  stubs.o ABSOLUTE
    _printf_e                                0x00000000   Number         0  stubs.o ABSOLUTE
    _printf_f                                0x00000000   Number         0  stubs.o ABSOLUTE
    _printf_flags                            0x00000000   Number         0  stubs.o ABSOLUTE
    _printf_fp_dec                           0x00000000   Number         0  stubs.o ABSOLUTE
    _printf_fp_hex                           0x00000000   Number         0  stubs.o ABSOLUTE
    _printf_g                                0x00000000   Number         0  stubs.o ABSOLUTE
    _printf_i                                0x00000000   Number         0  stubs.o ABSOLUTE
    _printf_int_dec                          0x00000000   Number         0  stubs.o ABSOLUTE
    _printf_l                                0x00000000   Number         0  stubs.o ABSOLUTE
    _printf_lc                               0x00000000   Number         0  stubs.o ABSOLUTE
    _printf_ll                               0x00000000   Number         0  stubs.o ABSOLUTE
    _printf_lld                              0x00000000   Number         0  stubs.o ABSOLUTE
    _printf_lli                              0x00000000   Number         0  stubs.o ABSOLUTE
    _printf_llo                              0x00000000   Number         0  stubs.o ABSOLUTE
    _printf_llu                              0x00000000   Number         0  stubs.o ABSOLUTE
    _printf_llx                              0x00000000   Number         0  stubs.o ABSOLUTE
    _printf_longlong_dec                     0x00000000   Number         0  stubs.o ABSOLUTE
    _printf_longlong_hex                     0x00000000   Number         0  stubs.o ABSOLUTE
    _printf_longlong_oct                     0x00000000   Number         0  stubs.o ABSOLUTE
    _printf_ls                               0x00000000   Number         0  stubs.o ABSOLUTE
    _printf_mbtowc                           0x00000000   Number         0  stubs.o ABSOLUTE
    _printf_n                                0x00000000   Number         0  stubs.o ABSOLUTE
    _printf_o                                0x00000000   Number         0  stubs.o ABSOLUTE
    _printf_p                                0x00000000   Number         0  stubs.o ABSOLUTE
    _printf_percent                          0x00000000   Number         0  stubs.o ABSOLUTE
    _printf_pre_padding                      0x00000000   Number         0  stubs.o ABSOLUTE
    _printf_return_value                     0x00000000   Number         0  stubs.o ABSOLUTE
    _printf_s                                0x00000000   Number         0  stubs.o ABSOLUTE
    _printf_sizespec                         0x00000000   Number         0  stubs.o ABSOLUTE
    _printf_str                              0x00000000   Number         0  stubs.o ABSOLUTE
    _printf_truncate_signed                  0x00000000   Number         0  stubs.o ABSOLUTE
    _printf_truncate_unsigned                0x00000000   Number         0  stubs.o ABSOLUTE
    _printf_u                                0x00000000   Number         0  stubs.o ABSOLUTE
    _printf_wc                               0x00000000   Number         0  stubs.o ABSOLUTE
    _printf_wctomb                           0x00000000   Number         0  stubs.o ABSOLUTE
    _printf_widthprec                        0x00000000   Number         0  stubs.o ABSOLUTE
    _printf_x                                0x00000000   Number         0  stubs.o ABSOLUTE
    __cpp_initialize__aeabi_                  - Undefined Weak Reference
    __cxa_finalize                            - Undefined Weak Reference
    __decompress                              - Undefined Weak Reference
    _clock_init                               - Undefined Weak Reference
    _microlib_exit                            - Undefined Weak Reference
    __Vectors_Size                           0x00000188   Number         0  startup_stm32f407xx.o ABSOLUTE
    __Vectors                                0x08000000   Data           4  startup_stm32f407xx.o(RESET)
    __Vectors_End                            0x08000188   Data           0  startup_stm32f407xx.o(RESET)
    __main                                   0x08000189   Thumb Code     0  entry.o(.ARM.Collect$$$$00000000)
    _main_stk                                0x08000189   Thumb Code     0  entry2.o(.ARM.Collect$$$$00000001)
    _main_scatterload                        0x0800018d   Thumb Code     0  entry5.o(.ARM.Collect$$$$00000004)
    __main_after_scatterload                 0x08000191   Thumb Code     0  entry5.o(.ARM.Collect$$$$00000004)
    _main_clock                              0x08000191   Thumb Code     0  entry7b.o(.ARM.Collect$$$$00000008)
    _main_cpp_init                           0x08000191   Thumb Code     0  entry8b.o(.ARM.Collect$$$$0000000A)
    _main_init                               0x08000191   Thumb Code     0  entry9a.o(.ARM.Collect$$$$0000000B)
    __rt_final_cpp                           0x08000199   Thumb Code     0  entry10a.o(.ARM.Collect$$$$0000000D)
    __rt_final_exit                          0x08000199   Thumb Code     0  entry11a.o(.ARM.Collect$$$$0000000F)
    Reset_Handler                            0x0800019d   Thumb Code     8  startup_stm32f407xx.o(.text)
    ADC_IRQHandler                           0x080001b7   Thumb Code     0  startup_stm32f407xx.o(.text)
    CAN1_RX0_IRQHandler                      0x080001b7   Thumb Code     0  startup_stm32f407xx.o(.text)
    CAN1_RX1_IRQHandler                      0x080001b7   Thumb Code     0  startup_stm32f407xx.o(.text)
    CAN1_SCE_IRQHandler                      0x080001b7   Thumb Code     0  startup_stm32f407xx.o(.text)
    CAN1_TX_IRQHandler                       0x080001b7   Thumb Code     0  startup_stm32f407xx.o(.text)
    CAN2_RX0_IRQHandler                      0x080001b7   Thumb Code     0  startup_stm32f407xx.o(.text)
    CAN2_RX1_IRQHandler                      0x080001b7   Thumb Code     0  startup_stm32f407xx.o(.text)
    CAN2_SCE_IRQHandler                      0x080001b7   Thumb Code     0  startup_stm32f407xx.o(.text)
    CAN2_TX_IRQHandler                       0x080001b7   Thumb Code     0  startup_stm32f407xx.o(.text)
    DMA1_Stream0_IRQHandler                  0x080001b7   Thumb Code     0  startup_stm32f407xx.o(.text)
    DMA1_Stream1_IRQHandler                  0x080001b7   Thumb Code     0  startup_stm32f407xx.o(.text)
    DMA1_Stream2_IRQHandler                  0x080001b7   Thumb Code     0  startup_stm32f407xx.o(.text)
    DMA1_Stream3_IRQHandler                  0x080001b7   Thumb Code     0  startup_stm32f407xx.o(.text)
    DMA1_Stream4_IRQHandler                  0x080001b7   Thumb Code     0  startup_stm32f407xx.o(.text)
    DMA1_Stream5_IRQHandler                  0x080001b7   Thumb Code     0  startup_stm32f407xx.o(.text)
    DMA1_Stream6_IRQHandler                  0x080001b7   Thumb Code     0  startup_stm32f407xx.o(.text)
    DMA1_Stream7_IRQHandler                  0x080001b7   Thumb Code     0  startup_stm32f407xx.o(.text)
    DMA2_Stream0_IRQHandler                  0x080001b7   Thumb Code     0  startup_stm32f407xx.o(.text)
    DMA2_Stream2_IRQHandler                  0x080001b7   Thumb Code     0  startup_stm32f407xx.o(.text)
    DMA2_Stream3_IRQHandler                  0x080001b7   Thumb Code     0  startup_stm32f407xx.o(.text)
    DMA2_Stream4_IRQHandler                  0x080001b7   Thumb Code     0  startup_stm32f407xx.o(.text)
    DMA2_Stream5_IRQHandler                  0x080001b7   Thumb Code     0  startup_stm32f407xx.o(.text)
    DMA2_Stream6_IRQHandler                  0x080001b7   Thumb Code     0  startup_stm32f407xx.o(.text)
    ETH_IRQHandler                           0x080001b7   Thumb Code     0  startup_stm32f407xx.o(.text)
    ETH_WKUP_IRQHandler                      0x080001b7   Thumb Code     0  startup_stm32f407xx.o(.text)
    EXTI0_IRQHandler                         0x080001b7   Thumb Code     0  startup_stm32f407xx.o(.text)
    EXTI15_10_IRQHandler                     0x080001b7   Thumb Code     0  startup_stm32f407xx.o(.text)
    EXTI1_IRQHandler                         0x080001b7   Thumb Code     0  startup_stm32f407xx.o(.text)
    EXTI2_IRQHandler                         0x080001b7   Thumb Code     0  startup_stm32f407xx.o(.text)
    EXTI3_IRQHandler                         0x080001b7   Thumb Code     0  startup_stm32f407xx.o(.text)
    EXTI4_IRQHandler                         0x080001b7   Thumb Code     0  startup_stm32f407xx.o(.text)
    EXTI9_5_IRQHandler                       0x080001b7   Thumb Code     0  startup_stm32f407xx.o(.text)
    FLASH_IRQHandler                         0x080001b7   Thumb Code     0  startup_stm32f407xx.o(.text)
    FMC_IRQHandler                           0x080001b7   Thumb Code     0  startup_stm32f407xx.o(.text)
    FPU_IRQHandler                           0x080001b7   Thumb Code     0  startup_stm32f407xx.o(.text)
    HASH_RNG_IRQHandler                      0x080001b7   Thumb Code     0  startup_stm32f407xx.o(.text)
    I2C1_ER_IRQHandler                       0x080001b7   Thumb Code     0  startup_stm32f407xx.o(.text)
    I2C1_EV_IRQHandler                       0x080001b7   Thumb Code     0  startup_stm32f407xx.o(.text)
    I2C2_ER_IRQHandler                       0x080001b7   Thumb Code     0  startup_stm32f407xx.o(.text)
    I2C2_EV_IRQHandler                       0x080001b7   Thumb Code     0  startup_stm32f407xx.o(.text)
    I2C3_ER_IRQHandler                       0x080001b7   Thumb Code     0  startup_stm32f407xx.o(.text)
    I2C3_EV_IRQHandler                       0x080001b7   Thumb Code     0  startup_stm32f407xx.o(.text)
    OTG_FS_IRQHandler                        0x080001b7   Thumb Code     0  startup_stm32f407xx.o(.text)
    OTG_FS_WKUP_IRQHandler                   0x080001b7   Thumb Code     0  startup_stm32f407xx.o(.text)
    OTG_HS_EP1_IN_IRQHandler                 0x080001b7   Thumb Code     0  startup_stm32f407xx.o(.text)
    OTG_HS_EP1_OUT_IRQHandler                0x080001b7   Thumb Code     0  startup_stm32f407xx.o(.text)
    OTG_HS_IRQHandler                        0x080001b7   Thumb Code     0  startup_stm32f407xx.o(.text)
    OTG_HS_WKUP_IRQHandler                   0x080001b7   Thumb Code     0  startup_stm32f407xx.o(.text)
    PVD_IRQHandler                           0x080001b7   Thumb Code     0  startup_stm32f407xx.o(.text)
    RCC_IRQHandler                           0x080001b7   Thumb Code     0  startup_stm32f407xx.o(.text)
    RTC_Alarm_IRQHandler                     0x080001b7   Thumb Code     0  startup_stm32f407xx.o(.text)
    RTC_WKUP_IRQHandler                      0x080001b7   Thumb Code     0  startup_stm32f407xx.o(.text)
    SDIO_IRQHandler                          0x080001b7   Thumb Code     0  startup_stm32f407xx.o(.text)
    SPI1_IRQHandler                          0x080001b7   Thumb Code     0  startup_stm32f407xx.o(.text)
    SPI2_IRQHandler                          0x080001b7   Thumb Code     0  startup_stm32f407xx.o(.text)
    SPI3_IRQHandler                          0x080001b7   Thumb Code     0  startup_stm32f407xx.o(.text)
    TAMP_STAMP_IRQHandler                    0x080001b7   Thumb Code     0  startup_stm32f407xx.o(.text)
    TIM1_BRK_TIM9_IRQHandler                 0x080001b7   Thumb Code     0  startup_stm32f407xx.o(.text)
    TIM1_CC_IRQHandler                       0x080001b7   Thumb Code     0  startup_stm32f407xx.o(.text)
    TIM1_TRG_COM_TIM11_IRQHandler            0x080001b7   Thumb Code     0  startup_stm32f407xx.o(.text)
    TIM1_UP_TIM10_IRQHandler                 0x080001b7   Thumb Code     0  startup_stm32f407xx.o(.text)
    TIM2_IRQHandler                          0x080001b7   Thumb Code     0  startup_stm32f407xx.o(.text)
    TIM3_IRQHandler                          0x080001b7   Thumb Code     0  startup_stm32f407xx.o(.text)
    TIM4_IRQHandler                          0x080001b7   Thumb Code     0  startup_stm32f407xx.o(.text)
    TIM5_IRQHandler                          0x080001b7   Thumb Code     0  startup_stm32f407xx.o(.text)
    TIM7_IRQHandler                          0x080001b7   Thumb Code     0  startup_stm32f407xx.o(.text)
    TIM8_BRK_TIM12_IRQHandler                0x080001b7   Thumb Code     0  startup_stm32f407xx.o(.text)
    TIM8_CC_IRQHandler                       0x080001b7   Thumb Code     0  startup_stm32f407xx.o(.text)
    TIM8_TRG_COM_TIM14_IRQHandler            0x080001b7   Thumb Code     0  startup_stm32f407xx.o(.text)
    TIM8_UP_TIM13_IRQHandler                 0x080001b7   Thumb Code     0  startup_stm32f407xx.o(.text)
    UART4_IRQHandler                         0x080001b7   Thumb Code     0  startup_stm32f407xx.o(.text)
    UART5_IRQHandler                         0x080001b7   Thumb Code     0  startup_stm32f407xx.o(.text)
    USART2_IRQHandler                        0x080001b7   Thumb Code     0  startup_stm32f407xx.o(.text)
    USART3_IRQHandler                        0x080001b7   Thumb Code     0  startup_stm32f407xx.o(.text)
    USART6_IRQHandler                        0x080001b7   Thumb Code     0  startup_stm32f407xx.o(.text)
    WWDG_IRQHandler                          0x080001b7   Thumb Code     0  startup_stm32f407xx.o(.text)
    __aeabi_uldivmod                         0x080001c1   Thumb Code    98  uldiv.o(.text)
    __aeabi_memcpy                           0x08000223   Thumb Code    36  memcpya.o(.text)
    __aeabi_memcpy4                          0x08000223   Thumb Code     0  memcpya.o(.text)
    __aeabi_memcpy8                          0x08000223   Thumb Code     0  memcpya.o(.text)
    __aeabi_memset                           0x08000247   Thumb Code    14  memseta.o(.text)
    __aeabi_memset4                          0x08000247   Thumb Code     0  memseta.o(.text)
    __aeabi_memset8                          0x08000247   Thumb Code     0  memseta.o(.text)
    __aeabi_memclr                           0x08000255   Thumb Code     4  memseta.o(.text)
    __aeabi_memclr4                          0x08000255   Thumb Code     0  memseta.o(.text)
    __aeabi_memclr8                          0x08000255   Thumb Code     0  memseta.o(.text)
    _memset$wrapper                          0x08000259   Thumb Code    18  memseta.o(.text)
    strchr                                   0x0800026b   Thumb Code    20  strchr.o(.text)
    strcmp                                   0x0800027f   Thumb Code    28  strcmp.o(.text)
    memcmp                                   0x0800029b   Thumb Code    26  memcmp.o(.text)
    __aeabi_llsl                             0x080002b5   Thumb Code    30  llshl.o(.text)
    _ll_shift_l                              0x080002b5   Thumb Code     0  llshl.o(.text)
    __aeabi_llsr                             0x080002d3   Thumb Code    32  llushr.o(.text)
    _ll_ushift_r                             0x080002d3   Thumb Code     0  llushr.o(.text)
    __scatterload                            0x080002f5   Thumb Code    28  init.o(.text)
    __scatterload_rt2                        0x080002f5   Thumb Code     0  init.o(.text)
    BusFault_Handler                         0x08000319   Thumb Code     2  stm32f4xx_it.o(i.BusFault_Handler)
    DCMI_IRQHandler                          0x08000335   Thumb Code     6  stm32f4xx_it.o(i.DCMI_IRQHandler)
    DMA2_Stream1_IRQHandler                  0x08000341   Thumb Code   108  stm32f4xx_it.o(i.DMA2_Stream1_IRQHandler)
    DMA2_Stream7_IRQHandler                  0x080003bd   Thumb Code     6  stm32f4xx_it.o(i.DMA2_Stream7_IRQHandler)
    DebugMon_Handler                         0x0800048b   Thumb Code     2  stm32f4xx_it.o(i.DebugMon_Handler)
    Error_Handler                            0x0800048d   Thumb Code     4  main.o(i.Error_Handler)
    FSMC_NORSRAM_Extended_Timing_Init        0x08000491   Thumb Code    56  stm32f4xx_ll_fsmc.o(i.FSMC_NORSRAM_Extended_Timing_Init)
    FSMC_NORSRAM_Init                        0x080004cd   Thumb Code    98  stm32f4xx_ll_fsmc.o(i.FSMC_NORSRAM_Init)
    FSMC_NORSRAM_Timing_Init                 0x08000535   Thumb Code    56  stm32f4xx_ll_fsmc.o(i.FSMC_NORSRAM_Timing_Init)
    HAL_DCMI_ErrorCallback                   0x08000571   Thumb Code     2  stm32f4xx_hal_dcmi.o(i.HAL_DCMI_ErrorCallback)
    HAL_DCMI_FrameEventCallback              0x08000575   Thumb Code   168  photo.o(i.HAL_DCMI_FrameEventCallback)
    HAL_DCMI_IRQHandler                      0x08000631   Thumb Code   164  stm32f4xx_hal_dcmi.o(i.HAL_DCMI_IRQHandler)
    HAL_DCMI_Init                            0x080006d9   Thumb Code   128  stm32f4xx_hal_dcmi_ex.o(i.HAL_DCMI_Init)
    HAL_DCMI_LineEventCallback               0x08000759   Thumb Code     2  stm32f4xx_hal_dcmi.o(i.HAL_DCMI_LineEventCallback)
    HAL_DCMI_MspInit                         0x0800075d   Thumb Code   278  dcmi.o(i.HAL_DCMI_MspInit)
    HAL_DCMI_VsyncEventCallback              0x08000895   Thumb Code     2  stm32f4xx_hal_dcmi.o(i.HAL_DCMI_VsyncEventCallback)
    HAL_DMAEx_MultiBufferStart               0x08000897   Thumb Code   100  stm32f4xx_hal_dma_ex.o(i.HAL_DMAEx_MultiBufferStart)
    HAL_DMA_Abort                            0x080008fb   Thumb Code   146  stm32f4xx_hal_dma.o(i.HAL_DMA_Abort)
    HAL_DMA_Abort_IT                         0x0800098d   Thumb Code    36  stm32f4xx_hal_dma.o(i.HAL_DMA_Abort_IT)
    HAL_DMA_DeInit                           0x080009b1   Thumb Code    98  stm32f4xx_hal_dma.o(i.HAL_DMA_DeInit)
    HAL_DMA_IRQHandler                       0x08000a15   Thumb Code   412  stm32f4xx_hal_dma.o(i.HAL_DMA_IRQHandler)
    HAL_DMA_Init                             0x08000bb5   Thumb Code   206  stm32f4xx_hal_dma.o(i.HAL_DMA_Init)
    HAL_DMA_Start                            0x08000c89   Thumb Code    70  stm32f4xx_hal_dma.o(i.HAL_DMA_Start)
    HAL_GPIO_Init                            0x08000d79   Thumb Code   450  stm32f4xx_hal_gpio.o(i.HAL_GPIO_Init)
    HAL_GPIO_ReadPin                         0x08000f69   Thumb Code    10  stm32f4xx_hal_gpio.o(i.HAL_GPIO_ReadPin)
    HAL_GPIO_WritePin                        0x08000f73   Thumb Code    10  stm32f4xx_hal_gpio.o(i.HAL_GPIO_WritePin)
    HAL_GetTick                              0x08000f7d   Thumb Code     6  stm32f4xx_hal.o(i.HAL_GetTick)
    HAL_IncTick                              0x08000f89   Thumb Code    12  stm32f4xx_hal.o(i.HAL_IncTick)
    HAL_Init                                 0x08000f99   Thumb Code    48  stm32f4xx_hal.o(i.HAL_Init)
    HAL_InitTick                             0x08000fcd   Thumb Code    54  stm32f4xx_hal.o(i.HAL_InitTick)
    HAL_MspInit                              0x0800100d   Thumb Code    48  stm32f4xx_hal_msp.o(i.HAL_MspInit)
    HAL_NVIC_EnableIRQ                       0x08001041   Thumb Code    26  stm32f4xx_hal_cortex.o(i.HAL_NVIC_EnableIRQ)
    HAL_NVIC_SetPriority                     0x0800105d   Thumb Code    60  stm32f4xx_hal_cortex.o(i.HAL_NVIC_SetPriority)
    HAL_NVIC_SetPriorityGrouping             0x0800109d   Thumb Code    26  stm32f4xx_hal_cortex.o(i.HAL_NVIC_SetPriorityGrouping)
    HAL_RCC_ClockConfig                      0x080010c1   Thumb Code   288  stm32f4xx_hal_rcc.o(i.HAL_RCC_ClockConfig)
    HAL_RCC_GetPCLK1Freq                     0x080011f5   Thumb Code    20  stm32f4xx_hal_rcc.o(i.HAL_RCC_GetPCLK1Freq)
    HAL_RCC_GetPCLK2Freq                     0x08001215   Thumb Code    20  stm32f4xx_hal_rcc.o(i.HAL_RCC_GetPCLK2Freq)
    HAL_RCC_GetSysClockFreq                  0x08001235   Thumb Code    88  stm32f4xx_hal_rcc.o(i.HAL_RCC_GetSysClockFreq)
    HAL_RCC_OscConfig                        0x08001295   Thumb Code   856  stm32f4xx_hal_rcc.o(i.HAL_RCC_OscConfig)
    HAL_SRAM_Init                            0x08001601   Thumb Code    92  stm32f4xx_hal_sram.o(i.HAL_SRAM_Init)
    HAL_SRAM_MspInit                         0x0800165d   Thumb Code     4  fsmc.o(i.HAL_SRAM_MspInit)
    HAL_SYSTICK_Config                       0x08001661   Thumb Code    40  stm32f4xx_hal_cortex.o(i.HAL_SYSTICK_Config)
    HAL_TIMEx_BreakCallback                  0x08001689   Thumb Code     2  stm32f4xx_hal_tim_ex.o(i.HAL_TIMEx_BreakCallback)
    HAL_TIMEx_CommutCallback                 0x0800168b   Thumb Code     2  stm32f4xx_hal_tim_ex.o(i.HAL_TIMEx_CommutCallback)
    HAL_TIMEx_MasterConfigSynchronization    0x0800168d   Thumb Code   116  stm32f4xx_hal_tim_ex.o(i.HAL_TIMEx_MasterConfigSynchronization)
    HAL_TIM_Base_Init                        0x0800171d   Thumb Code    90  stm32f4xx_hal_tim.o(i.HAL_TIM_Base_Init)
    HAL_TIM_Base_MspInit                     0x08001779   Thumb Code    50  tim.o(i.HAL_TIM_Base_MspInit)
    HAL_TIM_Base_Start_IT                    0x080017b5   Thumb Code   100  stm32f4xx_hal_tim.o(i.HAL_TIM_Base_Start_IT)
    HAL_TIM_IC_CaptureCallback               0x08001835   Thumb Code     2  stm32f4xx_hal_tim.o(i.HAL_TIM_IC_CaptureCallback)
    HAL_TIM_IRQHandler                       0x08001837   Thumb Code   304  stm32f4xx_hal_tim.o(i.HAL_TIM_IRQHandler)
    HAL_TIM_OC_DelayElapsedCallback          0x08001967   Thumb Code     2  stm32f4xx_hal_tim.o(i.HAL_TIM_OC_DelayElapsedCallback)
    HAL_TIM_PWM_PulseFinishedCallback        0x08001969   Thumb Code     2  stm32f4xx_hal_tim.o(i.HAL_TIM_PWM_PulseFinishedCallback)
    HAL_TIM_PeriodElapsedCallback            0x0800196d   Thumb Code    26  photo.o(i.HAL_TIM_PeriodElapsedCallback)
    HAL_TIM_TriggerCallback                  0x080019a1   Thumb Code     2  stm32f4xx_hal_tim.o(i.HAL_TIM_TriggerCallback)
    HAL_UARTEx_RxEventCallback               0x080019a3   Thumb Code     2  stm32f4xx_hal_uart.o(i.HAL_UARTEx_RxEventCallback)
    HAL_UART_ErrorCallback                   0x080019a5   Thumb Code     2  stm32f4xx_hal_uart.o(i.HAL_UART_ErrorCallback)
    HAL_UART_IRQHandler                      0x080019a9   Thumb Code   636  stm32f4xx_hal_uart.o(i.HAL_UART_IRQHandler)
    HAL_UART_Init                            0x08001c29   Thumb Code   100  stm32f4xx_hal_uart.o(i.HAL_UART_Init)
    HAL_UART_MspInit                         0x08001c8d   Thumb Code   160  usart.o(i.HAL_UART_MspInit)
    HAL_UART_Receive_IT                      0x08001d41   Thumb Code    28  stm32f4xx_hal_uart.o(i.HAL_UART_Receive_IT)
    HAL_UART_RxCpltCallback                  0x08001d5d   Thumb Code    56  usart.o(i.HAL_UART_RxCpltCallback)
    HAL_UART_TxCpltCallback                  0x08001da1   Thumb Code    16  photo.o(i.HAL_UART_TxCpltCallback)
    HardFault_Handler                        0x08001db9   Thumb Code     2  stm32f4xx_it.o(i.HardFault_Handler)
    MX_DCMI_Init                             0x08001dbd   Thumb Code    62  dcmi.o(i.MX_DCMI_Init)
    MX_DMA_Init                              0x08001e05   Thumb Code    56  dma.o(i.MX_DMA_Init)
    MX_FSMC_Init                             0x08001e41   Thumb Code   204  fsmc.o(i.MX_FSMC_Init)
    MX_GPIO_Init                             0x08001f15   Thumb Code   290  gpio.o(i.MX_GPIO_Init)
    MX_TIM6_Init                             0x0800204d   Thumb Code    64  tim.o(i.MX_TIM6_Init)
    MX_USART1_UART_Init                      0x08002095   Thumb Code    48  usart.o(i.MX_USART1_UART_Init)
    MemManage_Handler                        0x080020cd   Thumb Code     2  stm32f4xx_it.o(i.MemManage_Handler)
    NMI_Handler                              0x080020cf   Thumb Code     2  stm32f4xx_it.o(i.NMI_Handler)
    PendSV_Handler                           0x080020d1   Thumb Code     2  stm32f4xx_it.o(i.PendSV_Handler)
    SD_GetSectorCount                        0x080020d5   Thumb Code     6  sdio_sdcard.o(i.SD_GetSectorCount)
    SD_Init                                  0x080020e1   Thumb Code   368  sdio_sdcard.o(i.SD_Init)
    SD_ReadBlocks                            0x0800225d   Thumb Code   190  sdio_sdcard.o(i.SD_ReadBlocks)
    SD_WriteBlocks                           0x08002325   Thumb Code   190  sdio_sdcard.o(i.SD_WriteBlocks)
    SVC_Handler                              0x080023ed   Thumb Code     2  stm32f4xx_it.o(i.SVC_Handler)
    SysTick_Handler                          0x080023ef   Thumb Code     4  stm32f4xx_it.o(i.SysTick_Handler)
    SystemClock_Config                       0x080023f5   Thumb Code   142  main.o(i.SystemClock_Config)
    SystemInit                               0x0800248d   Thumb Code    12  system_stm32f4xx.o(i.SystemInit)
    TIM6_DAC_IRQHandler                      0x0800249d   Thumb Code     6  stm32f4xx_it.o(i.TIM6_DAC_IRQHandler)
    TIM_Base_SetConfig                       0x080024a9   Thumb Code   164  stm32f4xx_hal_tim.o(i.TIM_Base_SetConfig)
    UART_Start_Receive_IT                    0x080027a5   Thumb Code    54  stm32f4xx_hal_uart.o(i.UART_Start_Receive_IT)
    USART1_IRQHandler                        0x080027dd   Thumb Code     6  stm32f4xx_it.o(i.USART1_IRQHandler)
    UsageFault_Handler                       0x080027e9   Thumb Code     2  stm32f4xx_it.o(i.UsageFault_Handler)
    __0printf$8                              0x080027ed   Thumb Code    22  printf8.o(i.__0printf$8)
    __1printf$8                              0x080027ed   Thumb Code     0  printf8.o(i.__0printf$8)
    __2printf                                0x080027ed   Thumb Code     0  printf8.o(i.__0printf$8)
    __0sprintf$8                             0x0800280d   Thumb Code    34  printf8.o(i.__0sprintf$8)
    __1sprintf$8                             0x0800280d   Thumb Code     0  printf8.o(i.__0sprintf$8)
    __2sprintf                               0x0800280d   Thumb Code     0  printf8.o(i.__0sprintf$8)
    __scatterload_copy                       0x08002855   Thumb Code    14  handlers.o(i.__scatterload_copy)
    __scatterload_null                       0x08002863   Thumb Code     2  handlers.o(i.__scatterload_null)
    __scatterload_zeroinit                   0x08002865   Thumb Code    14  handlers.o(i.__scatterload_zeroinit)
    dcmi_dma_init                            0x08002f99   Thumb Code   170  dcmi_app.o(i.dcmi_dma_init)
    dcmi_gpio_init                           0x08003059   Thumb Code   168  dcmi_app.o(i.dcmi_gpio_init)
    dcmi_start                               0x08003115   Thumb Code    38  dcmi_app.o(i.dcmi_start)
    dcmi_stop                                0x08003145   Thumb Code    30  dcmi_app.o(i.dcmi_stop)
    delay_Init                               0x0800316d   Thumb Code    26  delay.o(i.delay_Init)
    delay_ms                                 0x08003191   Thumb Code    34  delay.o(i.delay_ms)
    delay_us                                 0x080031bd   Thumb Code    32  delay.o(i.delay_us)
    disk_initialize                          0x0800343d   Thumb Code    24  diskio.o(i.disk_initialize)
    disk_ioctl                               0x08003459   Thumb Code    48  diskio.o(i.disk_ioctl)
    disk_read                                0x08003489   Thumb Code    46  diskio.o(i.disk_read)
    disk_status                              0x080034bd   Thumb Code    12  diskio.o(i.disk_status)
    disk_write                               0x080034cd   Thumb Code    46  diskio.o(i.disk_write)
    f_close                                  0x08003501   Thumb Code    30  ff.o(i.f_close)
    f_closedir                               0x0800351f   Thumb Code    20  ff.o(i.f_closedir)
    f_mkdir                                  0x08003535   Thumb Code   276  ff.o(i.f_mkdir)
    f_mount                                  0x0800364d   Thumb Code    72  ff.o(i.f_mount)
    f_open                                   0x08003699   Thumb Code   430  ff.o(i.f_open)
    f_opendir                                0x0800384d   Thumb Code    98  ff.o(i.f_opendir)
    f_readdir                                0x080038af   Thumb Code    82  ff.o(i.f_readdir)
    f_sync                                   0x08003901   Thumb Code   136  ff.o(i.f_sync)
    f_write                                  0x0800398d   Thumb Code   384  ff.o(i.f_write)
    fputc                                    0x08003bcd   Thumb Code    14  usart.o(i.fputc)
    key_scan                                 0x08003d49   Thumb Code   160  key.o(i.key_scan)
    lcd_clear                                0x08003df5   Thumb Code    44  lcd.o(i.lcd_clear)
    lcd_display_dir                          0x08003e25   Thumb Code    44  lcd.o(i.lcd_display_dir)
    lcd_draw_point                           0x08003e55   Thumb Code    22  lcd.o(i.lcd_draw_point)
    lcd_ex_ili9341_reginit                   0x08003e6b   Thumb Code   558  lcd.o(i.lcd_ex_ili9341_reginit)
    lcd_init                                 0x08004099   Thumb Code    94  lcd.o(i.lcd_init)
    lcd_scan_dir                             0x08004129   Thumb Code   186  lcd.o(i.lcd_scan_dir)
    lcd_set_cursor                           0x080041e9   Thumb Code    48  lcd.o(i.lcd_set_cursor)
    lcd_show_char                            0x0800421d   Thumb Code   196  lcd.o(i.lcd_show_char)
    lcd_show_string                          0x080042f9   Thumb Code    86  lcd.o(i.lcd_show_string)
    lcd_wr_data                              0x0800434f   Thumb Code    24  lcd.o(i.lcd_wr_data)
    lcd_wr_regno                             0x08004367   Thumb Code    24  lcd.o(i.lcd_wr_regno)
    lcd_write_ram_prepare                    0x08004381   Thumb Code    14  lcd.o(i.lcd_write_ram_prepare)
    lcd_write_reg                            0x08004395   Thumb Code    12  lcd.o(i.lcd_write_reg)
    main                                     0x080043e9   Thumb Code   634  main.o(i.main)
    ov2640_image_win_set                     0x08004a2f   Thumb Code   136  ov2640.o(i.ov2640_image_win_set)
    ov2640_init                              0x08004ab9   Thumb Code   194  ov2640.o(i.ov2640_init)
    ov2640_jpeg_mode                         0x08004bad   Thumb Code    60  ov2640.o(i.ov2640_jpeg_mode)
    ov2640_outsize_set                       0x08004bed   Thumb Code    84  ov2640.o(i.ov2640_outsize_set)
    ov2640_read_reg                          0x08004c41   Thumb Code    82  ov2640.o(i.ov2640_read_reg)
    ov2640_rgb565_mode                       0x08004c95   Thumb Code    32  ov2640.o(i.ov2640_rgb565_mode)
    ov2640_write_reg                         0x08004cb9   Thumb Code    74  ov2640.o(i.ov2640_write_reg)
    photo_capture_jpeg                       0x08004d05   Thumb Code   128  photo.o(i.photo_capture_jpeg)
    photo_capture_rgb565                     0x08004d8d   Thumb Code    54  photo.o(i.photo_capture_rgb565)
    photo_dma_rx_callback                    0x08004dd1   Thumb Code    98  photo.o(i.photo_dma_rx_callback)
    photo_err_str                            0x08004e41   Thumb Code    42  photo.o(i.photo_err_str)
    photo_make_bmp                           0x08004ec5   Thumb Code   248  photo.o(i.photo_make_bmp)
    photo_preview_rgb565                     0x08004fbd   Thumb Code    66  photo.o(i.photo_preview_rgb565)
    photo_sd_ready                           0x08005009   Thumb Code   168  photo.o(i.photo_sd_ready)
    photo_store_to_sdcard                    0x080050c5   Thumb Code   130  photo.o(i.photo_store_to_sdcard)
    sccb_init                                0x0800537d   Thumb Code    28  sccb.o(i.sccb_init)
    sccb_nack                                0x0800539d   Thumb Code    72  sccb.o(i.sccb_nack)
    sccb_read_byte                           0x080053e9   Thumb Code    70  sccb.o(i.sccb_read_byte)
    sccb_start                               0x08005435   Thumb Code    60  sccb.o(i.sccb_start)
    sccb_stop                                0x08005475   Thumb Code    50  sccb.o(i.sccb_stop)
    sccb_write_byte                          0x080054ad   Thumb Code   132  sccb.o(i.sccb_write_byte)
    sdio_gpio_init                           0x080055d1   Thumb Code   112  sdio_sdcard.o(i.sdio_gpio_init)
    usart_cmd_poll                           0x0800575d   Thumb Code    80  usart.o(i.usart_cmd_poll)
    usart_rx_start                           0x080057b5   Thumb Code    10  usart.o(i.usart_rx_start)
    AHBPrescTable                            0x08005804   Data          16  system_stm32f4xx.o(.constdata)
    APBPrescTable                            0x08005814   Data           8  system_stm32f4xx.o(.constdata)
    ov2640_svga_init_reg_tbl                 0x0800581c   Data         354  ov2640.o(.constdata)
    ov2640_yuv422_reg_tbl                    0x0800597e   Data          16  ov2640.o(.constdata)
    ov2640_jpeg_reg_tbl                      0x0800598e   Data          14  ov2640.o(.constdata)
    ov2640_rgb565_reg_tbl                    0x0800599c   Data          28  ov2640.o(.constdata)
    asc2_1206                                0x080059b8   Data        1140  lcd.o(.constdata)
    asc2_1608                                0x08005e2c   Data        1520  lcd.o(.constdata)
    asc2_2412                                0x0800641c   Data        3420  lcd.o(.constdata)
    asc2_3216                                0x08007178   Data        6080  lcd.o(.constdata)
    Region$$Table$$Base                      0x08008938   Number         0  anon$$obj.o(Region$$Table)
    Region$$Table$$Limit                     0x08008958   Number         0  anon$$obj.o(Region$$Table)
    uwTickFreq                               0x2000000c   Data           1  stm32f4xx_hal.o(.data)
    uwTickPrio                               0x20000010   Data           4  stm32f4xx_hal.o(.data)
    uwTick                                   0x20000014   Data           4  stm32f4xx_hal.o(.data)
    SystemCoreClock                          0x20000018   Data           4  system_stm32f4xx.o(.data)
    g_back_color                             0x2000001c   Data           4  lcd.o(.data)
    g_ov_frame                               0x20000025   Data           1  photo.o(.data)
    g_uart_tx_done                           0x20000026   Data           1  photo.o(.data)
    dcmi_rx_callback                         0x2000002c   Data           4  photo.o(.data)
    g_sd_type                                0x2000003c   Data           1  sdio_sdcard.o(.data)
    __stdout                                 0x20000050   Data           4  stdout.o(.data)
    hdcmi                                    0x20000054   Data          64  dcmi.o(.bss)
    hdma_dcmi                                0x20000094   Data          96  dcmi.o(.bss)
    hsram3                                   0x200000f4   Data          80  fsmc.o(.bss)
    hsram4                                   0x20000144   Data          80  fsmc.o(.bss)
    htim6                                    0x20000194   Data          72  tim.o(.bss)
    huart1                                   0x2000021c   Data          72  usart.o(.bss)
    hdma_usart1_tx                           0x20000264   Data          96  usart.o(.bss)
    lcddev                                   0x200002c4   Data          14  lcd.o(.bss)
    g_photo                                  0x200002d4   Data          12  photo.o(.bss)
    g_dcmi_line_buf                          0x20000510   Data        8192  photo.o(.bss)
    __initial_sp                             0x20002910   Data           0  startup_stm32f407xx.o(STACK)



==============================================================================

Memory Map of the image

  Image Entry point : 0x08000189

  Load Region LR_IROM1 (Base: 0x08000000, Size: 0x000089ac, Max: 0x00100000, ABSOLUTE)

    Execution Region ER_IROM1 (Base: 0x08000000, Size: 0x00008958, Max: 0x00100000, ABSOLUTE)

    Base Addr    Size         Type   Attr      Idx    E Section Name        Object

    0x08000000   0x00000188   Data   RO            3    RESET               startup_stm32f407xx.o
    0x08000188   0x00000000   Code   RO         4527  * .ARM.Collect$$$$00000000  mc_w.l(entry.o)
    0x08000188   0x00000004   Code   RO         4805    .ARM.Collect$$$$00000001  mc_w.l(entry2.o)
    0x0800018c   0x00000004   Code   RO         4808    .ARM.Collect$$$$00000004  mc_w.l(entry5.o)
    0x08000190   0x00000000   Code   RO         4810    .ARM.Collect$$$$00000008  mc_w.l(entry7b.o)
    0x08000190   0x00000000   Code   RO         4812    .ARM.Collect$$$$0000000A  mc_w.l(entry8b.o)
    0x08000190   0x00000008   Code   RO         4813    .ARM.Collect$$$$0000000B  mc_w.l(entry9a.o)
    0x08000198   0x00000000   Code   RO         4815    .ARM.Collect$$$$0000000D  mc_w.l(entry10a.o)
    0x08000198   0x00000000   Code   RO         4817    .ARM.Collect$$$$0000000F  mc_w.l(entry11a.o)
    0x08000198   0x00000004   Code   RO         4806    .ARM.Collect$$$$00002712  mc_w.l(entry2.o)
    0x0800019c   0x00000024   Code   RO            4    .text               startup_stm32f407xx.o
    0x080001c0   0x00000062   Code   RO         4530    .text               mc_w.l(uldiv.o)
    0x08000222   0x00000024   Code   RO         4532    .text               mc_w.l(memcpya.o)
    0x08000246   0x00000024   Code   RO         4534    .text               mc_w.l(memseta.o)
    0x0800026a   0x00000014   Code   RO         4536    .text               mc_w.l(strchr.o)
    0x0800027e   0x0000001c   Code   RO         4538    .text               mc_w.l(strcmp.o)
    0x0800029a   0x0000001a   Code   RO         4540    .text               mc_w.l(memcmp.o)
    0x080002b4   0x0000001e   Code   RO         4822    .text               mc_w.l(llshl.o)
    0x080002d2   0x00000020   Code   RO         4824    .text               mc_w.l(llushr.o)
    0x080002f2   0x00000002   PAD
    0x080002f4   0x00000024   Code   RO         4837    .text               mc_w.l(init.o)
    0x08000318   0x00000002   Code   RO          461    i.BusFault_Handler  stm32f4xx_it.o
    0x0800031a   0x00000018   Code   RO          591    i.DCMI_DMAError     stm32f4xx_hal_dcmi.o
    0x08000332   0x00000002   PAD
    0x08000334   0x0000000c   Code   RO          462    i.DCMI_IRQHandler   stm32f4xx_it.o
    0x08000340   0x0000007c   Code   RO          463    i.DMA2_Stream1_IRQHandler  stm32f4xx_it.o
    0x080003bc   0x0000000c   Code   RO          464    i.DMA2_Stream7_IRQHandler  stm32f4xx_it.o
    0x080003c8   0x00000028   Code   RO         1216    i.DMA_CalcBaseAndBitshift  stm32f4xx_hal_dma.o
    0x080003f0   0x00000054   Code   RO         1217    i.DMA_CheckFifoParam  stm32f4xx_hal_dma.o
    0x08000444   0x0000001e   Code   RO         1175    i.DMA_MultiBufferSetConfig  stm32f4xx_hal_dma_ex.o
    0x08000462   0x00000028   Code   RO         1218    i.DMA_SetConfig     stm32f4xx_hal_dma.o
    0x0800048a   0x00000002   Code   RO          465    i.DebugMon_Handler  stm32f4xx_it.o
    0x0800048c   0x00000004   Code   RO           13    i.Error_Handler     main.o
    0x08000490   0x0000003c   Code   RO         1915    i.FSMC_NORSRAM_Extended_Timing_Init  stm32f4xx_ll_fsmc.o
    0x080004cc   0x00000068   Code   RO         1916    i.FSMC_NORSRAM_Init  stm32f4xx_ll_fsmc.o
    0x08000534   0x0000003c   Code   RO         1917    i.FSMC_NORSRAM_Timing_Init  stm32f4xx_ll_fsmc.o
    0x08000570   0x00000002   Code   RO          598    i.HAL_DCMI_ErrorCallback  stm32f4xx_hal_dcmi.o
    0x08000572   0x00000002   PAD
    0x08000574   0x000000bc   Code   RO         4058    i.HAL_DCMI_FrameEventCallback  photo.o
    0x08000630   0x000000a8   Code   RO          602    i.HAL_DCMI_IRQHandler  stm32f4xx_hal_dcmi.o
    0x080006d8   0x00000080   Code   RO          733    i.HAL_DCMI_Init     stm32f4xx_hal_dcmi_ex.o
    0x08000758   0x00000002   Code   RO          604    i.HAL_DCMI_LineEventCallback  stm32f4xx_hal_dcmi.o
    0x0800075a   0x00000002   PAD
    0x0800075c   0x00000138   Code   RO          239    i.HAL_DCMI_MspInit  dcmi.o
    0x08000894   0x00000002   Code   RO          611    i.HAL_DCMI_VsyncEventCallback  stm32f4xx_hal_dcmi.o
    0x08000896   0x00000064   Code   RO         1177    i.HAL_DMAEx_MultiBufferStart  stm32f4xx_hal_dma_ex.o
    0x080008fa   0x00000092   Code   RO         1219    i.HAL_DMA_Abort     stm32f4xx_hal_dma.o
    0x0800098c   0x00000024   Code   RO         1220    i.HAL_DMA_Abort_IT  stm32f4xx_hal_dma.o
    0x080009b0   0x00000062   Code   RO         1221    i.HAL_DMA_DeInit    stm32f4xx_hal_dma.o
    0x08000a12   0x00000002   PAD
    0x08000a14   0x000001a0   Code   RO         1224    i.HAL_DMA_IRQHandler  stm32f4xx_hal_dma.o
    0x08000bb4   0x000000d4   Code   RO         1225    i.HAL_DMA_Init      stm32f4xx_hal_dma.o
    0x08000c88   0x00000046   Code   RO         1228    i.HAL_DMA_Start     stm32f4xx_hal_dma.o
    0x08000cce   0x00000002   PAD
    0x08000cd0   0x000000a8   Code   RO          304    i.HAL_FSMC_MspInit  fsmc.o
    0x08000d78   0x000001f0   Code   RO         1112    i.HAL_GPIO_Init     stm32f4xx_hal_gpio.o
    0x08000f68   0x0000000a   Code   RO         1114    i.HAL_GPIO_ReadPin  stm32f4xx_hal_gpio.o
    0x08000f72   0x0000000a   Code   RO         1116    i.HAL_GPIO_WritePin  stm32f4xx_hal_gpio.o
    0x08000f7c   0x0000000c   Code   RO         1662    i.HAL_GetTick       stm32f4xx_hal.o
    0x08000f88   0x00000010   Code   RO         1668    i.HAL_IncTick       stm32f4xx_hal.o
    0x08000f98   0x00000034   Code   RO         1669    i.HAL_Init          stm32f4xx_hal.o
    0x08000fcc   0x00000040   Code   RO         1670    i.HAL_InitTick      stm32f4xx_hal.o
    0x0800100c   0x00000034   Code   RO          567    i.HAL_MspInit       stm32f4xx_hal_msp.o
    0x08001040   0x0000001a   Code   RO         1504    i.HAL_NVIC_EnableIRQ  stm32f4xx_hal_cortex.o
    0x0800105a   0x00000002   PAD
    0x0800105c   0x00000040   Code   RO         1510    i.HAL_NVIC_SetPriority  stm32f4xx_hal_cortex.o
    0x0800109c   0x00000024   Code   RO         1511    i.HAL_NVIC_SetPriorityGrouping  stm32f4xx_hal_cortex.o
    0x080010c0   0x00000134   Code   RO          758    i.HAL_RCC_ClockConfig  stm32f4xx_hal_rcc.o
    0x080011f4   0x00000020   Code   RO          765    i.HAL_RCC_GetPCLK1Freq  stm32f4xx_hal_rcc.o
    0x08001214   0x00000020   Code   RO          766    i.HAL_RCC_GetPCLK2Freq  stm32f4xx_hal_rcc.o
    0x08001234   0x00000060   Code   RO          767    i.HAL_RCC_GetSysClockFreq  stm32f4xx_hal_rcc.o
    0x08001294   0x0000036c   Code   RO          770    i.HAL_RCC_OscConfig  stm32f4xx_hal_rcc.o
    0x08001600   0x0000005c   Code   RO         2055    i.HAL_SRAM_Init     stm32f4xx_hal_sram.o
    0x0800165c   0x00000004   Code   RO          306    i.HAL_SRAM_MspInit  fsmc.o
    0x08001660   0x00000028   Code   RO         1515    i.HAL_SYSTICK_Config  stm32f4xx_hal_cortex.o
    0x08001688   0x00000002   Code   RO         2928    i.HAL_TIMEx_BreakCallback  stm32f4xx_hal_tim_ex.o
    0x0800168a   0x00000002   Code   RO         2929    i.HAL_TIMEx_CommutCallback  stm32f4xx_hal_tim_ex.o
    0x0800168c   0x00000090   Code   RO         2947    i.HAL_TIMEx_MasterConfigSynchronization  stm32f4xx_hal_tim_ex.o
    0x0800171c   0x0000005a   Code   RO         2224    i.HAL_TIM_Base_Init  stm32f4xx_hal_tim.o
    0x08001776   0x00000002   PAD
    0x08001778   0x0000003c   Code   RO          353    i.HAL_TIM_Base_MspInit  tim.o
    0x080017b4   0x00000080   Code   RO         2229    i.HAL_TIM_Base_Start_IT  stm32f4xx_hal_tim.o
    0x08001834   0x00000002   Code   RO         2258    i.HAL_TIM_IC_CaptureCallback  stm32f4xx_hal_tim.o
    0x08001836   0x00000130   Code   RO         2272    i.HAL_TIM_IRQHandler  stm32f4xx_hal_tim.o
    0x08001966   0x00000002   Code   RO         2275    i.HAL_TIM_OC_DelayElapsedCallback  stm32f4xx_hal_tim.o
    0x08001968   0x00000002   Code   RO         2302    i.HAL_TIM_PWM_PulseFinishedCallback  stm32f4xx_hal_tim.o
    0x0800196a   0x00000002   PAD
    0x0800196c   0x00000034   Code   RO         4059    i.HAL_TIM_PeriodElapsedCallback  photo.o
    0x080019a0   0x00000002   Code   RO         2315    i.HAL_TIM_TriggerCallback  stm32f4xx_hal_tim.o
    0x080019a2   0x00000002   Code   RO         3207    i.HAL_UARTEx_RxEventCallback  stm32f4xx_hal_uart.o
    0x080019a4   0x00000002   Code   RO         3221    i.HAL_UART_ErrorCallback  stm32f4xx_hal_uart.o
    0x080019a6   0x00000002   PAD
    0x080019a8   0x00000280   Code   RO         3224    i.HAL_UART_IRQHandler  stm32f4xx_hal_uart.o
    0x08001c28   0x00000064   Code   RO         3225    i.HAL_UART_Init     stm32f4xx_hal_uart.o
    0x08001c8c   0x000000b4   Code   RO          395    i.HAL_UART_MspInit  usart.o
    0x08001d40   0x0000001c   Code   RO         3230    i.HAL_UART_Receive_IT  stm32f4xx_hal_uart.o
    0x08001d5c   0x00000044   Code   RO          396    i.HAL_UART_RxCpltCallback  usart.o
    0x08001da0   0x00000018   Code   RO         4060    i.HAL_UART_TxCpltCallback  photo.o
    0x08001db8   0x00000002   Code   RO          466    i.HardFault_Handler  stm32f4xx_it.o
    0x08001dba   0x00000002   PAD
    0x08001dbc   0x00000048   Code   RO          240    i.MX_DCMI_Init      dcmi.o
    0x08001e04   0x0000003c   Code   RO          280    i.MX_DMA_Init       dma.o
    0x08001e40   0x000000d4   Code   RO          307    i.MX_FSMC_Init      fsmc.o
    0x08001f14   0x00000138   Code   RO          214    i.MX_GPIO_Init      gpio.o
    0x0800204c   0x00000048   Code   RO          354    i.MX_TIM6_Init      tim.o
    0x08002094   0x00000038   Code   RO          397    i.MX_USART1_UART_Init  usart.o
    0x080020cc   0x00000002   Code   RO          467    i.MemManage_Handler  stm32f4xx_it.o
    0x080020ce   0x00000002   Code   RO          468    i.NMI_Handler       stm32f4xx_it.o
    0x080020d0   0x00000002   Code   RO          469    i.PendSV_Handler    stm32f4xx_it.o
    0x080020d2   0x00000002   PAD
    0x080020d4   0x0000000c   Code   RO         4164    i.SD_GetSectorCount  sdio_sdcard.o
    0x080020e0   0x0000017c   Code   RO         4165    i.SD_Init           sdio_sdcard.o
    0x0800225c   0x000000c8   Code   RO         4166    i.SD_ReadBlocks     sdio_sdcard.o
    0x08002324   0x000000c8   Code   RO         4167    i.SD_WriteBlocks    sdio_sdcard.o
    0x080023ec   0x00000002   Code   RO          470    i.SVC_Handler       stm32f4xx_it.o
    0x080023ee   0x00000004   Code   RO          471    i.SysTick_Handler   stm32f4xx_it.o
    0x080023f2   0x00000002   PAD
    0x080023f4   0x00000098   Code   RO           14    i.SystemClock_Config  main.o
    0x0800248c   0x00000010   Code   RO         3559    i.SystemInit        system_stm32f4xx.o
    0x0800249c   0x0000000c   Code   RO          472    i.TIM6_DAC_IRQHandler  stm32f4xx_it.o
    0x080024a8   0x000000d0   Code   RO         2317    i.TIM_Base_SetConfig  stm32f4xx_hal_tim.o
    0x08002578   0x0000000e   Code   RO         3238    i.UART_DMAAbortOnError  stm32f4xx_hal_uart.o
    0x08002586   0x0000004e   Code   RO         3248    i.UART_EndRxTransfer  stm32f4xx_hal_uart.o
    0x080025d4   0x000000c2   Code   RO         3250    i.UART_Receive_IT   stm32f4xx_hal_uart.o
    0x08002696   0x00000002   PAD
    0x08002698   0x0000010c   Code   RO         3251    i.UART_SetConfig    stm32f4xx_hal_uart.o
    0x080027a4   0x00000036   Code   RO         3253    i.UART_Start_Receive_IT  stm32f4xx_hal_uart.o
    0x080027da   0x00000002   PAD
    0x080027dc   0x0000000c   Code   RO          473    i.USART1_IRQHandler  stm32f4xx_it.o
    0x080027e8   0x00000002   Code   RO          474    i.UsageFault_Handler  stm32f4xx_it.o
    0x080027ea   0x00000002   PAD
    0x080027ec   0x00000020   Code   RO         4751    i.__0printf$8       mc_w.l(printf8.o)
    0x0800280c   0x00000028   Code   RO         4753    i.__0sprintf$8      mc_w.l(printf8.o)
    0x08002834   0x00000020   Code   RO         1517    i.__NVIC_SetPriority  stm32f4xx_hal_cortex.o
    0x08002854   0x0000000e   Code   RO         4845    i.__scatterload_copy  mc_w.l(handlers.o)
    0x08002862   0x00000002   Code   RO         4846    i.__scatterload_null  mc_w.l(handlers.o)
    0x08002864   0x0000000e   Code   RO         4847    i.__scatterload_zeroinit  mc_w.l(handlers.o)
    0x08002872   0x00000002   PAD
    0x08002874   0x00000410   Code   RO         4758    i._printf_core      mc_w.l(printf8.o)
    0x08002c84   0x00000024   Code   RO         4759    i._printf_post_padding  mc_w.l(printf8.o)
    0x08002ca8   0x0000002e   Code   RO         4760    i._printf_pre_padding  mc_w.l(printf8.o)
    0x08002cd6   0x0000000a   Code   RO         4762    i._sputc            mc_w.l(printf8.o)
    0x08002ce0   0x000000d0   Code   RO         4225    i.check_fs          ff.o
    0x08002db0   0x00000018   Code   RO         4226    i.clst2sect         ff.o
    0x08002dc8   0x000000de   Code   RO         4227    i.create_chain      ff.o
    0x08002ea6   0x00000002   PAD
    0x08002ea8   0x000000f0   Code   RO         4228    i.create_name       ff.o
    0x08002f98   0x000000c0   Code   RO         3785    i.dcmi_dma_init     dcmi_app.o
    0x08003058   0x000000bc   Code   RO         3786    i.dcmi_gpio_init    dcmi_app.o
    0x08003114   0x00000030   Code   RO         3787    i.dcmi_start        dcmi_app.o
    0x08003144   0x00000028   Code   RO         3788    i.dcmi_stop         dcmi_app.o
    0x0800316c   0x00000024   Code   RO         3985    i.delay_Init        delay.o
    0x08003190   0x0000002c   Code   RO         3986    i.delay_ms          delay.o
    0x080031bc   0x0000002c   Code   RO         3988    i.delay_us          delay.o
    0x080031e8   0x00000058   Code   RO         4229    i.dir_clear         ff.o
    0x08003240   0x000000ae   Code   RO         4230    i.dir_next          ff.o
    0x080032ee   0x00000060   Code   RO         4231    i.dir_read          ff.o
    0x0800334e   0x0000006c   Code   RO         4232    i.dir_register      ff.o
    0x080033ba   0x00000082   Code   RO         4234    i.dir_sdi           ff.o
    0x0800343c   0x0000001c   Code   RO         4480    i.disk_initialize   diskio.o
    0x08003458   0x00000030   Code   RO         4481    i.disk_ioctl        diskio.o
    0x08003488   0x00000034   Code   RO         4482    i.disk_read         diskio.o
    0x080034bc   0x00000010   Code   RO         4483    i.disk_status       diskio.o
    0x080034cc   0x00000034   Code   RO         4484    i.disk_write        diskio.o
    0x08003500   0x0000001e   Code   RO         4235    i.f_close           ff.o
    0x0800351e   0x00000014   Code   RO         4236    i.f_closedir        ff.o
    0x08003532   0x00000002   PAD
    0x08003534   0x00000118   Code   RO         4239    i.f_mkdir           ff.o
    0x0800364c   0x0000004c   Code   RO         4240    i.f_mount           ff.o
    0x08003698   0x000001b4   Code   RO         4241    i.f_open            ff.o
    0x0800384c   0x00000062   Code   RO         4242    i.f_opendir         ff.o
    0x080038ae   0x00000052   Code   RO         4244    i.f_readdir         ff.o
    0x08003900   0x0000008c   Code   RO         4247    i.f_sync            ff.o
    0x0800398c   0x00000180   Code   RO         4250    i.f_write           ff.o
    0x08003b0c   0x000000be   Code   RO         4251    i.follow_path       ff.o
    0x08003bca   0x00000002   PAD
    0x08003bcc   0x00000014   Code   RO          398    i.fputc             usart.o
    0x08003be0   0x000000be   Code   RO         4252    i.get_fat           ff.o
    0x08003c9e   0x0000006c   Code   RO         4253    i.get_fileinfo      ff.o
    0x08003d0a   0x00000002   PAD
    0x08003d0c   0x0000003a   Code   RO         4254    i.get_ldnumber      ff.o
    0x08003d46   0x00000002   PAD
    0x08003d48   0x000000ac   Code   RO         4030    i.key_scan          key.o
    0x08003df4   0x00000030   Code   RO         3841    i.lcd_clear         lcd.o
    0x08003e24   0x00000030   Code   RO         3842    i.lcd_display_dir   lcd.o
    0x08003e54   0x00000016   Code   RO         3845    i.lcd_draw_point    lcd.o
    0x08003e6a   0x0000022e   Code   RO         3846    i.lcd_ex_ili9341_reginit  lcd.o
    0x08004098   0x00000074   Code   RO         3847    i.lcd_init          lcd.o
    0x0800410c   0x0000001a   Code   RO         3849    i.lcd_rd_data       lcd.o
    0x08004126   0x00000002   PAD
    0x08004128   0x000000c0   Code   RO         3850    i.lcd_scan_dir      lcd.o
    0x080041e8   0x00000034   Code   RO         3851    i.lcd_set_cursor    lcd.o
    0x0800421c   0x000000dc   Code   RO         3853    i.lcd_show_char     lcd.o
    0x080042f8   0x00000056   Code   RO         3855    i.lcd_show_string   lcd.o
    0x0800434e   0x00000018   Code   RO         3857    i.lcd_wr_data       lcd.o
    0x08004366   0x00000018   Code   RO         3858    i.lcd_wr_regno      lcd.o
    0x0800437e   0x00000002   PAD
    0x08004380   0x00000014   Code   RO         3859    i.lcd_write_ram_prepare  lcd.o
    0x08004394   0x0000000c   Code   RO         3860    i.lcd_write_reg     lcd.o
    0x080043a0   0x0000000a   Code   RO         4255    i.ld_16             ff.o
    0x080043aa   0x00000016   Code   RO         4256    i.ld_32             ff.o
    0x080043c0   0x00000026   Code   RO         4257    i.ld_clust          ff.o
    0x080043e6   0x00000002   PAD
    0x080043e8   0x000003b8   Code   RO           15    i.main              main.o
    0x080047a0   0x0000025c   Code   RO         4258    i.mount_volume      ff.o
    0x080049fc   0x00000032   Code   RO         4259    i.move_window       ff.o
    0x08004a2e   0x00000088   Code   RO         3596    i.ov2640_image_win_set  ov2640.o
    0x08004ab6   0x00000002   PAD
    0x08004ab8   0x000000f4   Code   RO         3598    i.ov2640_init       ov2640.o
    0x08004bac   0x00000040   Code   RO         3599    i.ov2640_jpeg_mode  ov2640.o
    0x08004bec   0x00000054   Code   RO         3600    i.ov2640_outsize_set  ov2640.o
    0x08004c40   0x00000052   Code   RO         3601    i.ov2640_read_reg   ov2640.o
    0x08004c92   0x00000002   PAD
    0x08004c94   0x00000024   Code   RO         3602    i.ov2640_rgb565_mode  ov2640.o
    0x08004cb8   0x0000004a   Code   RO         3604    i.ov2640_write_reg  ov2640.o
    0x08004d02   0x00000002   PAD
    0x08004d04   0x00000088   Code   RO         4061    i.photo_capture_jpeg  photo.o
    0x08004d8c   0x00000044   Code   RO         4062    i.photo_capture_rgb565  photo.o
    0x08004dd0   0x00000070   Code   RO         4063    i.photo_dma_rx_callback  photo.o
    0x08004e40   0x00000084   Code   RO         4064    i.photo_err_str     photo.o
    0x08004ec4   0x000000f8   Code   RO         4065    i.photo_make_bmp    photo.o
    0x08004fbc   0x0000004c   Code   RO         4066    i.photo_preview_rgb565  photo.o
    0x08005008   0x000000bc   Code   RO         4067    i.photo_sd_ready    photo.o
    0x080050c4   0x000000d4   Code   RO         4068    i.photo_store_to_sdcard  photo.o
    0x08005198   0x00000084   Code   RO         4069    i.photo_stream_capture  photo.o
    0x0800521c   0x000000ea   Code   RO         4260    i.put_fat           ff.o
    0x08005306   0x00000074   Code   RO         4261    i.remove_chain      ff.o
    0x0800537a   0x00000002   PAD
    0x0800537c   0x00000020   Code   RO         3681    i.sccb_init         sccb.o
    0x0800539c   0x0000004c   Code   RO         3682    i.sccb_nack         sccb.o
    0x080053e8   0x0000004c   Code   RO         3683    i.sccb_read_byte    sccb.o
    0x08005434   0x00000040   Code   RO         3684    i.sccb_start        sccb.o
    0x08005474   0x00000038   Code   RO         3685    i.sccb_stop         sccb.o
    0x080054ac   0x00000088   Code   RO         3686    i.sccb_write_byte   sccb.o
    0x08005534   0x00000088   Code   RO         4168    i.sd_send_cmd       sdio_sdcard.o
    0x080055bc   0x00000014   Code   RO         4169    i.sdio_clock_set    sdio_sdcard.o
    0x080055d0   0x0000007c   Code   RO         4170    i.sdio_gpio_init    sdio_sdcard.o
    0x0800564c   0x00000008   Code   RO         4262    i.st_16             ff.o
    0x08005654   0x00000010   Code   RO         4263    i.st_32             ff.o
    0x08005664   0x00000028   Code   RO         4264    i.st_clust          ff.o
    0x0800568c   0x00000088   Code   RO         4265    i.sync_fs           ff.o
    0x08005714   0x00000046   Code   RO         4266    i.sync_window       ff.o
    0x0800575a   0x00000002   PAD
    0x0800575c   0x00000058   Code   RO          399    i.usart_cmd_poll    usart.o
    0x080057b4   0x00000014   Code   RO          400    i.usart_rx_start    usart.o
    0x080057c8   0x00000034   Code   RO         4267    i.validate          ff.o
    0x080057fc   0x00000008   Data   RO         1231    .constdata          stm32f4xx_hal_dma.o
    0x08005804   0x00000010   Data   RO         3560    .constdata          system_stm32f4xx.o
    0x08005814   0x00000008   Data   RO         3561    .constdata          system_stm32f4xx.o
    0x0800581c   0x0000019c   Data   RO         3606    .constdata          ov2640.o
    0x080059b8   0x00002f80   Data   RO         3862    .constdata          lcd.o
    0x08008938   0x00000020   Data   RO         4843    Region$$Table       anon$$obj.o


    Execution Region RW_IRAM1 (Base: 0x20000000, Size: 0x00002910, Max: 0x00020000, ABSOLUTE)

    Base Addr    Size         Type   Attr      Idx    E Section Name        Object

    0x20000000   0x00000008   Data   RW          309    .data               fsmc.o
    0x20000008   0x00000003   Data   RW          402    .data               usart.o
    0x2000000b   0x00000001   PAD
    0x2000000c   0x0000000c   Data   RW         1676    .data               stm32f4xx_hal.o
    0x20000018   0x00000004   Data   RW         3562    .data               system_stm32f4xx.o
    0x2000001c   0x00000004   Data   RW         3864    .data               lcd.o
    0x20000020   0x00000001   Data   RW         4031    .data               key.o
    0x20000021   0x00000003   PAD
    0x20000024   0x00000018   Data   RW         4071    .data               photo.o
    0x2000003c   0x00000008   Data   RW         4171    .data               sdio_sdcard.o
    0x20000044   0x00000008   Data   RW         4269    .data               ff.o
    0x2000004c   0x00000001   Data   RW         4485    .data               diskio.o
    0x2000004d   0x00000003   PAD
    0x20000050   0x00000004   Data   RW         4819    .data               mc_w.l(stdout.o)
    0x20000054   0x000000a0   Zero   RW          241    .bss                dcmi.o
    0x200000f4   0x000000a0   Zero   RW          308    .bss                fsmc.o
    0x20000194   0x00000048   Zero   RW          355    .bss                tim.o
    0x200001dc   0x000000e8   Zero   RW          401    .bss                usart.o
    0x200002c4   0x0000000e   Zero   RW         3861    .bss                lcd.o
    0x200002d2   0x00000002   PAD
    0x200002d4   0x0000223c   Zero   RW         4070    .bss                photo.o
    0x20002510   0x00000400   Zero   RW            1    STACK               startup_stm32f407xx.o


==============================================================================

Image component sizes


      Code (inc. data)   RO Data    RW Data    ZI Data      Debug   Object Name

       384         44          0          0        160       1884   dcmi.o
       468         62          0          0          0       2854   dcmi_app.o
       124         32          0          0          0       1555   delay.o
       196         20          0          1          0       3662   diskio.o
        60          4          0          0          0        782   dma.o
      4778         84          0          8          0      47195   ff.o
       384         34          0          8        160       2366   fsmc.o
       312         22          0          0          0       1151   gpio.o
       172         12          0          1          0        687   key.o
      1448         78      12160          4         14      11454   lcd.o
      1108        328          0          0          0     716626   main.o
       720         58        412          0          0       5547   ov2640.o
      1568        314          0         24       8764      13170   photo.o
       440         28          0          0          0       3236   sccb.o
      1072         60          0          8          0       5780   sdio_sdcard.o
        36          8        392          0       1024        836   startup_stm32f407xx.o
       144         24          0         12          0       8765   stm32f4xx_hal.o
       198         14          0          0          0      33807   stm32f4xx_hal_cortex.o
       198          4          0          0          0       3494   stm32f4xx_hal_dcmi.o
       128          0          0          0          0       1116   stm32f4xx_hal_dcmi_ex.o
      1142         16          8          0          0       7912   stm32f4xx_hal_dma.o
       130          0          0          0          0       2145   stm32f4xx_hal_dma_ex.o
       516         46          0          0          0       2851   stm32f4xx_hal_gpio.o
        52          4          0          0          0        866   stm32f4xx_hal_msp.o
      1344         72          0          0          0       5252   stm32f4xx_hal_rcc.o
        92          0          0          0          0       1228   stm32f4xx_hal_sram.o
       738         72          0          0          0       6953   stm32f4xx_hal_tim.o
       148         28          0          0          0       2481   stm32f4xx_hal_tim_ex.o
      1380         14          0          0          0       8698   stm32f4xx_hal_uart.o
       192         40          0          0          0       6662   stm32f4xx_it.o
       224         14          0          0          0       3975   stm32f4xx_ll_fsmc.o
        16          4         24          4          0       1127   system_stm32f4xx.o
       132         18          0          0         72       1606   tim.o
       432         64          0          3        232       4361   usart.o

    ----------------------------------------------------------------------
     20532       1622      13028         80      10428     922084   Object Totals
         0          0         32          0          0          0   (incl. Generated)
        56          0          0          7          2          0   (incl. Padding)

    ----------------------------------------------------------------------

      Code (inc. data)   RO Data    RW Data    ZI Data      Debug   Library Member Name

         0          0          0          0          0          0   entry.o
         0          0          0          0          0          0   entry10a.o
         0          0          0          0          0          0   entry11a.o
         8          4          0          0          0          0   entry2.o
         4          0          0          0          0          0   entry5.o
         0          0          0          0          0          0   entry7b.o
         0          0          0          0          0          0   entry8b.o
         8          4          0          0          0          0   entry9a.o
        30          0          0          0          0          0   handlers.o
        36          8          0          0          0         68   init.o
        30          0          0          0          0         68   llshl.o
        32          0          0          0          0         68   llushr.o
        26          0          0          0          0         80   memcmp.o
        36          0          0          0          0         68   memcpya.o
        36          0          0          0          0        108   memseta.o
      1204         60          0          0          0        504   printf8.o
         0          0          0          4          0          0   stdout.o
        20          0          0          0          0         68   strchr.o
        28          0          0          0          0         76   strcmp.o
        98          0          0          0          0         92   uldiv.o

    ----------------------------------------------------------------------
      1600         76          0          4          0       1200   Library Totals
         4          0          0          0          0          0   (incl. Padding)

    ----------------------------------------------------------------------

      Code (inc. data)   RO Data    RW Data    ZI Data      Debug   Library Name

      1596         76          0          4          0       1200   mc_w.l

    ----------------------------------------------------------------------
      1600         76          0          4          0       1200   Library Totals

    ----------------------------------------------------------------------

==============================================================================


      Code (inc. data)   RO Data    RW Data    ZI Data      Debug   

     22132       1698      13028         84      10428     905016   Grand Totals
     22132       1698      13028         84      10428     905016   ELF Image Totals
     22132       1698      13028         84          0          0   ROM Totals

==============================================================================

    Total RO  Size (Code + RO Data)                35160 (  34.34kB)
    Total RW  Size (RW Data + ZI Data)             10512 (  10.27kB)
    Total ROM Size (Code + RO Data + RW Data)      35244 (  34.42kB)

==============================================================================

